Component: Arm Compiler for Embedded 6.21 Tool: armlink [5ec1fa00]

==============================================================================

Section Cross References

    hd44780.o(.text.LCD_WriteText) refers to hd44780.o(.text.LCD_WriteData) for LCD_WriteData
    hd44780.o(.ARM.exidx.text.LCD_WriteText) refers to hd44780.o(.text.LCD_WriteText) for [Anonymous Symbol]
    hd44780.o(.text.LCD_WriteData) refers to hd44780.o(.text.LCD_Write) for LCD_Write
    hd44780.o(.ARM.exidx.text.LCD_WriteData) refers to hd44780.o(.text.LCD_WriteData) for [Anonymous Symbol]
    hd44780.o(.text.LCD_GoTo) refers to hd44780.o(.text.LCD_WriteCommand) for LCD_WriteCommand
    hd44780.o(.ARM.exidx.text.LCD_GoTo) refers to hd44780.o(.text.LCD_GoTo) for [Anonymous Symbol]
    hd44780.o(.text.LCD_WriteCommand) refers to hd44780.o(.text.LCD_Write) for LCD_Write
    hd44780.o(.ARM.exidx.text.LCD_WriteCommand) refers to hd44780.o(.text.LCD_WriteCommand) for [Anonymous Symbol]
    hd44780.o(.text.LCD_Clear) refers to hd44780.o(.text.LCD_WriteCommand) for LCD_WriteCommand
    hd44780.o(.text.LCD_Clear) refers to hd44780.o(.text.LCD_delayms) for LCD_delayms
    hd44780.o(.ARM.exidx.text.LCD_Clear) refers to hd44780.o(.text.LCD_Clear) for [Anonymous Symbol]
    hd44780.o(.text.LCD_delayms) refers to hd44780.o(.bss.lcdtick1) for lcdtick1
    hd44780.o(.ARM.exidx.text.LCD_delayms) refers to hd44780.o(.text.LCD_delayms) for [Anonymous Symbol]
    hd44780.o(.text.LCD_Home) refers to hd44780.o(.text.LCD_WriteCommand) for LCD_WriteCommand
    hd44780.o(.text.LCD_Home) refers to hd44780.o(.text.LCD_delayms) for LCD_delayms
    hd44780.o(.ARM.exidx.text.LCD_Home) refers to hd44780.o(.text.LCD_Home) for [Anonymous Symbol]
    hd44780.o(.text.LCD_Init) refers to hd44780.o(.text.__NVIC_EnableIRQ) for __NVIC_EnableIRQ
    hd44780.o(.text.LCD_Init) refers to hd44780.o(.text.LCD_delayms) for LCD_delayms
    hd44780.o(.text.LCD_Init) refers to hd44780.o(.text.LCD_Setbits) for LCD_Setbits
    hd44780.o(.text.LCD_Init) refers to hd44780.o(.text.LCD_WriteCommand) for LCD_WriteCommand
    hd44780.o(.ARM.exidx.text.LCD_Init) refers to hd44780.o(.text.LCD_Init) for [Anonymous Symbol]
    hd44780.o(.ARM.exidx.text.__NVIC_EnableIRQ) refers to hd44780.o(.text.__NVIC_EnableIRQ) for [Anonymous Symbol]
    hd44780.o(.ARM.exidx.text.LCD_Setbits) refers to hd44780.o(.text.LCD_Setbits) for [Anonymous Symbol]
    hd44780.o(.text.TIM6_DAC_IRQHandler) refers to hd44780.o(.bss.lcdtick1) for lcdtick1
    hd44780.o(.ARM.exidx.text.TIM6_DAC_IRQHandler) refers to hd44780.o(.text.TIM6_DAC_IRQHandler) for [Anonymous Symbol]
    hd44780.o(.text.LCD_Write) refers to hd44780.o(.text.LCD_Setbits) for LCD_Setbits
    hd44780.o(.text.LCD_Write) refers to hd44780.o(.text.LCD_delay50us) for LCD_delay50us
    hd44780.o(.ARM.exidx.text.LCD_Write) refers to hd44780.o(.text.LCD_Write) for [Anonymous Symbol]
    hd44780.o(.text.LCD_delay50us) refers to hd44780.o(.bss.lcdtick1) for lcdtick1
    hd44780.o(.ARM.exidx.text.LCD_delay50us) refers to hd44780.o(.text.LCD_delay50us) for [Anonymous Symbol]
    main.o(.text.main) refers to main.o(.text.SysTick_Config) for SysTick_Config
    main.o(.text.main) refers to myfun.o(.text.Led_Conf) for Led_Conf
    main.o(.text.main) refers to myfun.o(.text.Joy_Conf) for Joy_Conf
    main.o(.text.main) refers to myfun.o(.text.Led7seg_Conf) for Led7seg_Conf
    main.o(.text.main) refers to myfun.o(.text.LedRGB_PwmConf) for LedRGB_PwmConf
    main.o(.text.main) refers to myfun.o(.text.Servodrive_Conf) for Servodrive_Conf
    main.o(.text.main) refers to myfun.o(.text.DCMotor_Conf) for DCMotor_Conf
    main.o(.text.main) refers to myfun.o(.text.Encoder_Conf) for Encoder_Conf
    main.o(.text.main) refers to main.o(.bss.pos) for pos
    main.o(.text.main) refers to f2d.o(x$fpl$f2d) for __aeabi_f2d
    main.o(.text.main) refers to ddiv.o(x$fpl$ddiv) for __aeabi_ddiv
    main.o(.text.main) refers to dmul.o(x$fpl$dmul) for __aeabi_dmul
    main.o(.text.main) refers to d2f.o(x$fpl$d2f) for __aeabi_d2f
    main.o(.text.main) refers to main.o(.bss.angle) for angle
    main.o(.ARM.exidx.text.main) refers to main.o(.text.main) for [Anonymous Symbol]
    main.o(.text.SysTick_Config) refers to main.o(.text.__NVIC_SetPriority) for __NVIC_SetPriority
    main.o(.ARM.exidx.text.SysTick_Config) refers to main.o(.text.SysTick_Config) for [Anonymous Symbol]
    main.o(.ARM.exidx.text.__NVIC_SetPriority) refers to main.o(.text.__NVIC_SetPriority) for [Anonymous Symbol]
    myfun.o(.text.delay_ms) refers to myfun.o(.bss.tick) for tick
    myfun.o(.ARM.exidx.text.delay_ms) refers to myfun.o(.text.delay_ms) for [Anonymous Symbol]
    myfun.o(.ARM.exidx.text.Led_Conf) refers to myfun.o(.text.Led_Conf) for [Anonymous Symbol]
    myfun.o(.ARM.exidx.text.Led_OnOff) refers to myfun.o(.text.Led_OnOff) for [Anonymous Symbol]
    myfun.o(.text.SysTick_Handler) refers to myfun.o(.bss.tick) for tick
[...]
    myfun.o(.ARM.exidx.text.DCMotor_Conf) refers to myfun.o(.text.DCMotor_Conf) for [Anonymous Symbol]
    myfun.o(.ARM.exidx.text.Encoder_Conf) refers to myfun.o(.text.Encoder_Conf) for [Anonymous Symbol]
    startup_stm32l496xx.o(STACK) refers (Special) to heapauxi.o(.text) for __use_two_region_memory
    startup_stm32l496xx.o(HEAP) refers (Special) to heapauxi.o(.text) for __use_two_region_memory
    startup_stm32l496xx.o(RESET) refers (Special) to heapauxi.o(.text) for __use_two_region_memory
    startup_stm32l496xx.o(RESET) refers to startup_stm32l496xx.o(STACK) for __initial_sp
    startup_stm32l496xx.o(RESET) refers to startup_stm32l496xx.o(.text) for Reset_Handler
    startup_stm32l496xx.o(RESET) refers to myfun.o(.text.SysTick_Handler) for SysTick_Handler
    startup_stm32l496xx.o(RESET) refers to myfun.o(.text.EXTI0_IRQHandler) for EXTI0_IRQHandler
    startup_stm32l496xx.o(RESET) refers to myfun.o(.text.EXTI1_IRQHandler) for EXTI1_IRQHandler
    startup_stm32l496xx.o(RESET) refers to myfun.o(.text.EXTI2_IRQHandler) for EXTI2_IRQHandler
    startup_stm32l496xx.o(RESET) refers to myfun.o(.text.EXTI3_IRQHandler) for EXTI3_IRQHandler
    startup_stm32l496xx.o(RESET) refers to myfun.o(.text.EXTI4_IRQHandler) for EXTI4_IRQHandler
    startup_stm32l496xx.o(RESET) refers to myfun.o(.text.EXTI15_10_IRQHandler) for EXTI15_10_IRQHandler
    startup_stm32l496xx.o(RESET) refers to myfun.o(.text.ADC3_IRQHandler) for ADC3_IRQHandler
    startup_stm32l496xx.o(RESET) refers to hd44780.o(.text.TIM6_DAC_IRQHandler) for TIM6_DAC_IRQHandler
    startup_stm32l496xx.o(RESET) refers to myfun.o(.text.TIM7_IRQHandler) for TIM7_IRQHandler
    startup_stm32l496xx.o(RESET) refers to myfun.o(.text.DMA2_Channel6_IRQHandler) for DMA2_Channel6_IRQHandler
    startup_stm32l496xx.o(RESET) refers to myfun.o(.text.LPUART1_IRQHandler) for LPUART1_IRQHandler
    startup_stm32l496xx.o(.text) refers (Special) to heapauxi.o(.text) for __use_two_region_memory
    startup_stm32l496xx.o(.text) refers to system_stm32l4xx.o(.text.SystemInit) for SystemInit
    startup_stm32l496xx.o(.text) refers to __main.o(!!!main) for __main
    startup_stm32l496xx.o(.text) refers to startup_stm32l496xx.o(HEAP) for Heap_Mem
    startup_stm32l496xx.o(.text) refers to startup_stm32l496xx.o(STACK) for Stack_Mem
    system_stm32l4xx.o(.ARM.exidx.text.SystemInit) refers to system_stm32l4xx.o(.text.SystemInit) for [Anonymous Symbol]
    system_stm32l4xx.o(.text.SystemCoreClockUpdate) refers to system_stm32l4xx.o(.rodata.MSIRangeTable) for MSIRangeTable
    system_stm32l4xx.o(.text.SystemCoreClockUpdate) refers to system_stm32l4xx.o(.data.SystemCoreClock) for SystemCoreClock
    system_stm32l4xx.o(.text.SystemCoreClockUpdate) refers to system_stm32l4xx.o(.rodata.AHBPrescTable) for AHBPrescTable
    system_stm32l4xx.o(.ARM.exidx.text.SystemCoreClockUpdate) refers to system_stm32l4xx.o(.text.SystemCoreClockUpdate) for [Anonymous Symbol]
    __main.o(!!!main) refers to __rtentry.o(.ARM.Collect$$rtentry$$00000000) for __rt_entry
    d2f.o(x$fpl$d2f) refers (Special) to usenofp.o(x$fpl$usenofp) for __I$use$fp
    d2f.o(x$fpl$d2f) refers to fretinf.o(x$fpl$fretinf) for __fpl_fretinf
    d2f.o(x$fpl$d2f) refers to dnaninf.o(x$fpl$dnaninf) for __fpl_dnaninf
    daddsub_clz.o(x$fpl$dadd) refers (Special) to usenofp.o(x$fpl$usenofp) for __I$use$fp
    daddsub_clz.o(x$fpl$dadd) refers to daddsub_clz.o(x$fpl$dsub) for _dsub1
    daddsub_clz.o(x$fpl$dadd) refers to dretinf.o(x$fpl$dretinf) for __fpl_dretinf
    daddsub_clz.o(x$fpl$dadd) refers to dnaninf.o(x$fpl$dnaninf) for __fpl_dnaninf
    daddsub_clz.o(x$fpl$drsb) refers (Special) to usenofp.o(x$fpl$usenofp) for __I$use$fp
    daddsub_clz.o(x$fpl$drsb) refers to daddsub_clz.o(x$fpl$dadd) for _dadd1
    daddsub_clz.o(x$fpl$drsb) refers to daddsub_clz.o(x$fpl$dsub) for _dsub1
    daddsub_clz.o(x$fpl$dsub) refers (Special) to usenofp.o(x$fpl$usenofp) for __I$use$fp
    daddsub_clz.o(x$fpl$dsub) refers to daddsub_clz.o(x$fpl$dadd) for _dadd1
    daddsub_clz.o(x$fpl$dsub) refers to dnaninf.o(x$fpl$dnaninf) for __fpl_dnaninf
    dcmp.o(x$fpl$fcmp) refers (Special) to usenofp.o(x$fpl$usenofp) for __I$use$fp
    dcmp.o(x$fpl$fcmp) refers to deqf.o(x$fpl$deqf) for _dcmpeq
    dcmp.o(x$fpl$fcmp) refers to dgeqf.o(x$fpl$dgeqf) for _dcmpge
    dcmp.o(x$fpl$fcmp) refers to dleqf.o(x$fpl$dleqf) for _dcmple
    ddiv.o(x$fpl$drdiv) refers (Special) to usenofp.o(x$fpl$usenofp) for __I$use$fp
    ddiv.o(x$fpl$drdiv) refers to ddiv.o(x$fpl$ddiv) for ddiv_entry
    ddiv.o(x$fpl$ddiv) refers (Special) to usenofp.o(x$fpl$usenofp) for __I$use$fp
    ddiv.o(x$fpl$ddiv) refers to dretinf.o(x$fpl$dretinf) for __fpl_dretinf
    ddiv.o(x$fpl$ddiv) refers to dnaninf.o(x$fpl$dnaninf) for __fpl_dnaninf
    dfix.o(x$fpl$dfix) refers (Special) to usenofp.o(x$fpl$usenofp) for __I$use$fp
    dfix.o(x$fpl$dfix) refers to dnaninf.o(x$fpl$dnaninf) for __fpl_dnaninf
    dfix.o(x$fpl$dfixr) refers (Special) to usenofp.o(x$fpl$usenofp) for __I$use$fp
    dfix.o(x$fpl$dfixr) refers to dnaninf.o(x$fpl$dnaninf) for __fpl_dnaninf
    dfixu.o(x$fpl$dfixu) refers (Special) to usenofp.o(x$fpl$usenofp) for __I$use$fp
    dfixu.o(x$fpl$dfixu) refers to dnaninf.o(x$fpl$dnaninf) for __fpl_dnaninf
    dfixu.o(x$fpl$dfixur) refers (Special) to usenofp.o(x$fpl$usenofp) for __I$use$fp
    dfixu.o(x$fpl$dfixur) refers to dnaninf.o(x$fpl$dnaninf) for __fpl_dnaninf
    dflt_clz.o(x$fpl$dfltu) refers (Special) to usenofp.o(x$fpl$usenofp) for __I$use$fp
    dflt_clz.o(x$fpl$dflt) refers (Special) to usenofp.o(x$fpl$usenofp) for __I$use$fp
    dflt_clz.o(x$fpl$dfltn) refers (Special) to usenofp.o(x$fpl$usenofp) for __I$use$fp
    dmul.o(x$fpl$dmul) refers (Special) to usenofp.o(x$fpl$usenofp) for __I$use$fp
    dmul.o(x$fpl$dmul) refers to dretinf.o(x$fpl$dretinf) for __fpl_dretinf
    dmul.o(x$fpl$dmul) refers to dnaninf.o(x$fpl$dnaninf) for __fpl_dnaninf
    f2d.o(x$fpl$f2d) refers (Special) to usenofp.o(x$fpl$usenofp) for __I$use$fp
    f2d.o(x$fpl$f2d) refers to fnaninf.o(x$fpl$fnaninf) for __fpl_fnaninf
    f2d.o(x$fpl$f2d) refers to dretinf.o(x$fpl$dretinf) for __fpl_dretinf
    __rtentry.o(.ARM.Collect$$rtentry$$00000000) refers (Special) to __rtentry2.o(.ARM.Collect$$rtentry$$0000000A) for __rt_entry_li
    __rtentry.o(.ARM.Collect$$rtentry$$00000000) refers (Special) to __rtentry2.o(.ARM.Collect$$rtentry$$0000000D) for __rt_entry_main
    __rtentry.o(.ARM.Collect$$rtentry$$00000000) refers (Special) to __rtentry2.o(.ARM.Collect$$rtentry$$0000000C) for __rt_entry_postli_1
    __rtentry.o(.ARM.Collect$$rtentry$$00000000) refers (Special) to __rtentry2.o(.ARM.Collect$$rtentry$$00000009) for __rt_entry_postsh_1
    __rtentry.o(.ARM.Collect$$rtentry$$00000000) refers (Special) to __rtentry2.o(.ARM.Collect$$rtentry$$00000002) for __rt_entry_presh_1
    __rtentry.o(.ARM.Collect$$rtentry$$00000000) refers (Special) to __rtentry4.o(.ARM.Collect$$rtentry$$00000004) for __rt_entry_sh
    deqf.o(x$fpl$deqf) refers (Special) to usenofp.o(x$fpl$usenofp) for __I$use$fp
    deqf.o(x$fpl$deqf) refers to dnaninf.o(x$fpl$dnaninf) for __fpl_dnaninf
    deqf.o(x$fpl$deqf) refers to dcmpi.o(x$fpl$dcmpinf) for __fpl_dcmp_Inf
    dgeqf.o(x$fpl$dgeqf) refers (Special) to usenofp.o(x$fpl$usenofp) for __I$use$fp
    dgeqf.o(x$fpl$dgeqf) refers to dnaninf.o(x$fpl$dnaninf) for __fpl_dnaninf
    dgeqf.o(x$fpl$dgeqf) refers to dcmpi.o(x$fpl$dcmpinf) for __fpl_dcmp_Inf
    dleqf.o(x$fpl$dleqf) refers (Special) to usenofp.o(x$fpl$usenofp) for __I$use$fp
    dleqf.o(x$fpl$dleqf) refers to dnaninf.o(x$fpl$dnaninf) for __fpl_dnaninf
    dleqf.o(x$fpl$dleqf) refers to dcmpi.o(x$fpl$dcmpinf) for __fpl_dcmp_Inf
    dnaninf.o(x$fpl$dnaninf) refers (Special) to usenofp.o(x$fpl$usenofp) for __I$use$fp
    dretinf.o(x$fpl$dretinf) refers (Special) to usenofp.o(x$fpl$usenofp) for __I$use$fp
    fnaninf.o(x$fpl$fnaninf) refers (Special) to usenofp.o(x$fpl$usenofp) for __I$use$fp
    fretinf.o(x$fpl$fretinf) refers (Special) to usenofp.o(x$fpl$usenofp) for __I$use$fp
    __rtentry2.o(.ARM.Collect$$rtentry$$00000008) refers to boardinit2.o(.text) for _platform_post_stackheap_init
    __rtentry2.o(.ARM.Collect$$rtentry$$0000000A) refers to libinit.o(.ARM.Collect$$libinit$$00000000) for __rt_lib_init
    __rtentry2.o(.ARM.Collect$$rtentry$$0000000B) refers to boardinit3.o(.text) for _platform_post_lib_init
    __rtentry2.o(.ARM.Collect$$rtentry$$0000000D) refers to main.o(.text.main) for main
    __rtentry2.o(.ARM.Collect$$rtentry$$0000000D) refers to exit.o(.text) for exit
    __rtentry2.o(.ARM.exidx) refers to __rtentry2.o(.ARM.Collect$$rtentry$$00000001) for .ARM.Collect$$rtentry$$00000001
    __rtentry2.o(.ARM.exidx) refers to __rtentry2.o(.ARM.Collect$$rtentry$$00000008) for .ARM.Collect$$rtentry$$00000008
    __rtentry2.o(.ARM.exidx) refers to __rtentry2.o(.ARM.Collect$$rtentry$$0000000A) for .ARM.Collect$$rtentry$$0000000A
    __rtentry2.o(.ARM.exidx) refers to __rtentry2.o(.ARM.Collect$$rtentry$$0000000B) for .ARM.Collect$$rtentry$$0000000B
    __rtentry2.o(.ARM.exidx) refers to __rtentry2.o(.ARM.Collect$$rtentry$$0000000D) for .ARM.Collect$$rtentry$$0000000D
    __rtentry4.o(.ARM.Collect$$rtentry$$00000004) refers to sys_stackheap_outer.o(.text) for __user_setup_stackheap
    __rtentry4.o(.ARM.exidx) refers to __rtentry4.o(.ARM.Collect$$rtentry$$00000004) for .ARM.Collect$$rtentry$$00000004
    dcmpi.o(x$fpl$dcmpinf) refers (Special) to usenofp.o(x$fpl$usenofp) for __I$use$fp
    sys_stackheap_outer.o(.text) refers to libspace.o(.text) for __user_perproc_libspace
    sys_stackheap_outer.o(.text) refers to startup_stm32l496xx.o(.text) for __user_initial_stackheap
    exit.o(.text) refers to rtexit.o(.ARM.Collect$$rtexit$$00000000) for __rt_exit
    libinit.o(.ARM.Collect$$libinit$$00000000) refers (Special) to libinit2.o(.ARM.Collect$$libinit$$00000030) for __rt_lib_init_alloca_1
    libinit.o(.ARM.Collect$$libinit$$00000000) refers (Special) to libinit2.o(.ARM.Collect$$libinit$$0000002E) for __rt_lib_init_argv_1
    libinit.o(.ARM.Collect$$libinit$$00000000) refers (Special) to libinit2.o(.ARM.Collect$$libinit$$0000001D) for __rt_lib_init_atexit_1
    libinit.o(.ARM.Collect$$libinit$$00000000) refers (Special) to libinit2.o(.ARM.Collect$$libinit$$00000023) for __rt_lib_init_clock_1
    libinit.o(.ARM.Collect$$libinit$$00000000) refers (Special) to libinit2.o(.ARM.Collect$$libinit$$00000034) for __rt_lib_init_cpp_1
    libinit.o(.ARM.Collect$$libinit$$00000000) refers (Special) to libinit2.o(.ARM.Collect$$libinit$$00000032) for __rt_lib_init_exceptions_1
    libinit.o(.ARM.Collect$$libinit$$00000000) refers (Special) to libinit2.o(.ARM.Collect$$libinit$$00000001) for __rt_lib_init_fp_1
    libinit.o(.ARM.Collect$$libinit$$00000000) refers (Special) to libinit2.o(.ARM.Collect$$libinit$$00000021) for __rt_lib_init_fp_trap_1
    libinit.o(.ARM.Collect$$libinit$$00000000) refers (Special) to libinit2.o(.ARM.Collect$$libinit$$00000025) for __rt_lib_init_getenv_1
    libinit.o(.ARM.Collect$$libinit$$00000000) refers (Special) to libinit2.o(.ARM.Collect$$libinit$$0000000C) for __rt_lib_init_heap_1
    libinit.o(.ARM.Collect$$libinit$$00000000) refers (Special) to libinit2.o(.ARM.Collect$$libinit$$00000013) for __rt_lib_init_lc_collate_1
    libinit.o(.ARM.Collect$$libinit$$00000000) refers (Special) to libinit2.o(.ARM.Collect$$libinit$$00000015) for __rt_lib_init_lc_ctype_1
    libinit.o(.ARM.Collect$$libinit$$00000000) refers (Special) to libinit2.o(.ARM.Collect$$libinit$$00000017) for __rt_lib_init_lc_monetary_1
    libinit.o(.ARM.Collect$$libinit$$00000000) refers (Special) to libinit2.o(.ARM.Collect$$libinit$$00000019) for __rt_lib_init_lc_numeric_1
    libinit.o(.ARM.Collect$$libinit$$00000000) refers (Special) to libinit2.o(.ARM.Collect$$libinit$$0000001B) for __rt_lib_init_lc_time_1
    libinit.o(.ARM.Collect$$libinit$$00000000) refers (Special) to libinit2.o(.ARM.Collect$$libinit$$00000006) for __rt_lib_init_preinit_1
    libinit.o(.ARM.Collect$$libinit$$00000000) refers (Special) to libinit2.o(.ARM.Collect$$libinit$$00000010) for __rt_lib_init_rand_1
    libinit.o(.ARM.Collect$$libinit$$00000000) refers (Special) to libinit2.o(.ARM.Collect$$libinit$$00000004) for __rt_lib_init_relocate_pie_1
    libinit.o(.ARM.Collect$$libinit$$00000000) refers (Special) to libinit2.o(.ARM.Collect$$libinit$$00000035) for __rt_lib_init_return
    libinit.o(.ARM.Collect$$libinit$$00000000) refers (Special) to libinit2.o(.ARM.Collect$$libinit$$0000001F) for __rt_lib_init_signal_1
    libinit.o(.ARM.Collect$$libinit$$00000000) refers (Special) to libinit2.o(.ARM.Collect$$libinit$$00000027) for __rt_lib_init_stdio_1
    libinit.o(.ARM.Collect$$libinit$$00000000) refers (Special) to libinit2.o(.ARM.Collect$$libinit$$0000000E) for __rt_lib_init_user_alloc_1
    libspace.o(.text) refers to libspace.o(.bss) for __libspace_start
    rtexit.o(.ARM.Collect$$rtexit$$00000000) refers (Special) to rtexit2.o(.ARM.Collect$$rtexit$$00000004) for __rt_exit_exit
    rtexit.o(.ARM.Collect$$rtexit$$00000000) refers (Special) to rtexit2.o(.ARM.Collect$$rtexit$$00000003) for __rt_exit_ls
    rtexit.o(.ARM.Collect$$rtexit$$00000000) refers (Special) to rtexit2.o(.ARM.Collect$$rtexit$$00000002) for __rt_exit_prels_1
    rtexit.o(.ARM.exidx) refers (Special) to rtexit2.o(.ARM.Collect$$rtexit$$00000004) for __rt_exit_exit
    rtexit.o(.ARM.exidx) refers (Special) to rtexit2.o(.ARM.Collect$$rtexit$$00000003) for __rt_exit_ls
    rtexit.o(.ARM.exidx) refers (Special) to rtexit2.o(.ARM.Collect$$rtexit$$00000002) for __rt_exit_prels_1
    rtexit.o(.ARM.exidx) refers to rtexit.o(.ARM.Collect$$rtexit$$00000000) for .ARM.Collect$$rtexit$$00000000
    libinit2.o(.ARM.Collect$$libinit$$00000001) refers to fpinit.o(x$fpl$fpinit) for _fp_init
    libinit2.o(.ARM.Collect$$libinit$$00000012) refers to libinit2.o(.ARM.Collect$$libinit$$00000011) for .ARM.Collect$$libinit$$00000011
    libinit2.o(.ARM.Collect$$libinit$$00000014) refers to libinit2.o(.ARM.Collect$$libinit$$00000011) for .ARM.Collect$$libinit$$00000011
    libinit2.o(.ARM.Collect$$libinit$$00000016) refers to libinit2.o(.ARM.Collect$$libinit$$00000011) for .ARM.Collect$$libinit$$00000011
    libinit2.o(.ARM.Collect$$libinit$$00000018) refers to libinit2.o(.ARM.Collect$$libinit$$00000011) for .ARM.Collect$$libinit$$00000011
    libinit2.o(.ARM.Collect$$libinit$$0000001A) refers to libinit2.o(.ARM.Collect$$libinit$$00000011) for .ARM.Collect$$libinit$$00000011
    libinit2.o(.ARM.Collect$$libinit$$00000028) refers to argv_veneer.o(.emb_text) for __ARM_argv_veneer
    libinit2.o(.ARM.Collect$$libinit$$00000029) refers to argv_veneer.o(.emb_text) for __ARM_argv_veneer
    rtexit2.o(.ARM.Collect$$rtexit$$00000003) refers to libshutdown.o(.ARM.Collect$$libshutdown$$00000000) for __rt_lib_shutdown
    rtexit2.o(.ARM.Collect$$rtexit$$00000004) refers to sys_exit.o(.text) for _sys_exit
    rtexit2.o(.ARM.exidx) refers to rtexit2.o(.ARM.Collect$$rtexit$$00000001) for .ARM.Collect$$rtexit$$00000001
    rtexit2.o(.ARM.exidx) refers to rtexit2.o(.ARM.Collect$$rtexit$$00000003) for .ARM.Collect$$rtexit$$00000003
    rtexit2.o(.ARM.exidx) refers to rtexit2.o(.ARM.Collect$$rtexit$$00000004) for .ARM.Collect$$rtexit$$00000004
    argv_veneer.o(.emb_text) refers to no_argv.o(.text) for __ARM_get_argv
    sys_exit.o(.text) refers (Special) to use_no_semi.o(.text) for __I$use$semihosting
    sys_exit.o(.text) refers (Special) to indicate_semi.o(.text) for __semihosting_library_function
    sys_exit_hlt.o(.text) refers (Special) to use_no_semi.o(.text) for __I$use$semihosting
    sys_exit_hlt.o(.text) refers (Special) to indicate_semi.o(.text) for __semihosting_library_function
    _get_argv_nomalloc.o(.text) refers (Special) to hrguard.o(.text) for __heap_region$guard
    _get_argv_nomalloc.o(.text) refers to defsig_rtmem_outer.o(.text) for __rt_SIGRTMEM
    _get_argv_nomalloc.o(.text) refers to sys_command.o(.text) for _sys_command_string
    libshutdown.o(.ARM.Collect$$libshutdown$$00000000) refers (Special) to libshutdown2.o(.ARM.Collect$$libshutdown$$00000002) for __rt_lib_shutdown_cpp_1
    libshutdown.o(.ARM.Collect$$libshutdown$$00000000) refers (Special) to libshutdown2.o(.ARM.Collect$$libshutdown$$00000007) for __rt_lib_shutdown_fp_trap_1
    libshutdown.o(.ARM.Collect$$libshutdown$$00000000) refers (Special) to libshutdown2.o(.ARM.Collect$$libshutdown$$0000000F) for __rt_lib_shutdown_heap_1
    libshutdown.o(.ARM.Collect$$libshutdown$$00000000) refers (Special) to libshutdown2.o(.ARM.Collect$$libshutdown$$00000010) for __rt_lib_shutdown_return
    libshutdown.o(.ARM.Collect$$libshutdown$$00000000) refers (Special) to libshutdown2.o(.ARM.Collect$$libshutdown$$0000000A) for __rt_lib_shutdown_signal_1
    libshutdown.o(.ARM.Collect$$libshutdown$$00000000) refers (Special) to libshutdown2.o(.ARM.Collect$$libshutdown$$00000004) for __rt_lib_shutdown_stdio_1
    libshutdown.o(.ARM.Collect$$libshutdown$$00000000) refers (Special) to libshutdown2.o(.ARM.Collect$$libshutdown$$0000000C) for __rt_lib_shutdown_user_alloc_1
    sys_command.o(.text) refers (Special) to use_no_semi.o(.text) for __I$use$semihosting
    sys_command.o(.text) refers (Special) to indicate_semi.o(.text) for __semihosting_library_function
    sys_command_hlt.o(.text) refers (Special) to use_no_semi.o(.text) for __I$use$semihosting
    sys_command_hlt.o(.text) refers (Special) to indicate_semi.o(.text) for __semihosting_library_function
    defsig_rtmem_outer.o(.text) refers to defsig_rtmem_inner.o(.text) for __rt_SIGRTMEM_inner
    defsig_rtmem_outer.o(.text) refers to defsig_exit.o(.text) for __sig_exit
    defsig_rtmem_formal.o(.text) refers to rt_raise.o(.text) for __rt_raise
    rt_raise.o(.text) refers to __raise.o(.text) for __raise
    rt_raise.o(.text) refers to sys_exit.o(.text) for _sys_exit
    defsig_exit.o(.text) refers to sys_exit.o(.text) for _sys_exit
    defsig_rtmem_inner.o(.text) refers to defsig_general.o(.text) for __default_signal_display
    __raise.o(.text) refers to defsig.o(CL$$defsig) for __default_signal_handler
    defsig_general.o(.text) refers to sys_wrch.o(.text) for _ttywrch
    sys_wrch.o(.text) refers (Special) to use_no_semi.o(.text) for __I$use$semihosting
    sys_wrch.o(.text) refers (Special) to indicate_semi.o(.text) for __semihosting_library_function
    sys_wrch_hlt.o(.text) refers (Special) to use_no_semi.o(.text) for __I$use$semihosting
    sys_wrch_hlt.o(.text) refers (Special) to indicate_semi.o(.text) for __semihosting_library_function
    defsig.o(CL$$defsig) refers to defsig_rtmem_inner.o(.text) for __rt_SIGRTMEM_inner
    defsig_abrt_inner.o(.text) refers to defsig_general.o(.text) for __default_signal_display
    defsig_fpe_inner.o(.text) refers to defsig_general.o(.text) for __default_signal_display
    defsig_rtred_inner.o(.text) refers to defsig_general.o(.text) for __default_signal_display
    defsig_stak_inner.o(.text) refers to defsig_general.o(.text) for __default_signal_display
    defsig_pvfn_inner.o(.text) refers to defsig_general.o(.text) for __default_signal_display
    defsig_cppl_inner.o(.text) refers to defsig_general.o(.text) for __default_signal_display
    defsig_segv_inner.o(.text) refers to defsig_general.o(.text) for __default_signal_display
    defsig_other.o(.text) refers to defsig_general.o(.text) for __default_signal_display


==============================================================================

Removing Unused input sections from the image.

    Removing hd44780.o(.text), (0 bytes).
    Removing hd44780.o(.text.LCD_WriteText), (34 bytes).
    Removing hd44780.o(.ARM.exidx.text.LCD_WriteText), (8 bytes).
    Removing hd44780.o(.text.LCD_WriteData), (36 bytes).
    Removing hd44780.o(.ARM.exidx.text.LCD_WriteData), (8 bytes).
    Removing hd44780.o(.text.LCD_GoTo), (38 bytes).
    Removing hd44780.o(.ARM.exidx.text.LCD_GoTo), (8 bytes).
    Removing hd44780.o(.text.LCD_WriteCommand), (36 bytes).
    Removing hd44780.o(.ARM.exidx.text.LCD_WriteCommand), (8 bytes).
    Removing hd44780.o(.text.LCD_Clear), (16 bytes).
    Removing hd44780.o(.ARM.exidx.text.LCD_Clear), (8 bytes).
    Removing hd44780.o(.text.LCD_delayms), (48 bytes).
    Removing hd44780.o(.ARM.exidx.text.LCD_delayms), (8 bytes).
    Removing hd44780.o(.text.LCD_Home), (22 bytes).
    Removing hd44780.o(.ARM.exidx.text.LCD_Home), (8 bytes).
    Removing hd44780.o(.text.LCD_Init), (592 bytes).
    Removing hd44780.o(.ARM.exidx.text.LCD_Init), (8 bytes).
    Removing hd44780.o(.text.__NVIC_EnableIRQ), (48 bytes).
    Removing hd44780.o(.ARM.exidx.text.__NVIC_EnableIRQ), (8 bytes).
    Removing hd44780.o(.text.LCD_Setbits), (200 bytes).
    Removing hd44780.o(.ARM.exidx.text.LCD_Setbits), (8 bytes).
    Removing hd44780.o(.ARM.exidx.text.TIM6_DAC_IRQHandler), (8 bytes).
    Removing hd44780.o(.text.LCD_Write), (80 bytes).
    Removing hd44780.o(.ARM.exidx.text.LCD_Write), (8 bytes).
    Removing hd44780.o(.text.LCD_delay50us), (32 bytes).
    Removing hd44780.o(.ARM.exidx.text.LCD_delay50us), (8 bytes).
    Removing main.o(.text), (0 bytes).
    Removing main.o(.ARM.exidx.text.main), (8 bytes).
    Removing main.o(.ARM.exidx.text.SysTick_Config), (8 bytes).
    Removing main.o(.ARM.exidx.text.__NVIC_SetPriority), (8 bytes).
    Removing main.o(.ARM.use_no_argv), (4 bytes).
    Removing myfun.o(.text), (0 bytes).
    Removing myfun.o(.text.delay_ms), (42 bytes).
    Removing myfun.o(.ARM.exidx.text.delay_ms), (8 bytes).
    Removing myfun.o(.ARM.exidx.text.Led_Conf), (8 bytes).
    Removing myfun.o(.ARM.exidx.text.Led_OnOff), (8 bytes).
    Removing myfun.o(.ARM.exidx.text.SysTick_Handler), (8 bytes).
    Removing myfun.o(.ARM.exidx.text.Led7seg_WriteNumber), (8 bytes).
    Removing myfun.o(.ARM.exidx.text.Joy_Conf), (8 bytes).
    Removing myfun.o(.text.Joy_Read), (144 bytes).
    Removing myfun.o(.ARM.exidx.text.Joy_Read), (8 bytes).
    Removing myfun.o(.ARM.exidx.text.Led7seg_Conf), (8 bytes).
    Removing myfun.o(.ARM.exidx.text.Led7seg_WriteDigit), (8 bytes).
    Removing myfun.o(.text.LPUART1_Conf_Basic), (104 bytes).
    Removing myfun.o(.ARM.exidx.text.LPUART1_Conf_Basic), (8 bytes).
    Removing myfun.o(.text.LPUART1_Conf_Interrupt), (130 bytes).
    Removing myfun.o(.ARM.exidx.text.LPUART1_Conf_Interrupt), (8 bytes).
    Removing myfun.o(.ARM.exidx.text.__NVIC_EnableIRQ), (8 bytes).
    Removing myfun.o(.ARM.exidx.text.LPUART1_IRQHandler), (8 bytes).
    Removing myfun.o(.ARM.exidx.text.LPUART1_ReinitDMA), (8 bytes).
    Removing myfun.o(.text.LPUART1_SendWithInterrupt), (100 bytes).
    Removing myfun.o(.ARM.exidx.text.LPUART1_SendWithInterrupt), (8 bytes).
    Removing myfun.o(.text.ComSendChar), (36 bytes).
    Removing myfun.o(.ARM.exidx.text.ComSendChar), (8 bytes).
    Removing myfun.o(.text.ComPuts), (38 bytes).
    Removing myfun.o(.ARM.exidx.text.ComPuts), (8 bytes).
    Removing myfun.o(.text.ADC_ConfBasic), (140 bytes).
    Removing myfun.o(.ARM.exidx.text.ADC_ConfBasic), (8 bytes).
    Removing myfun.o(.text.ADC_ConfInterrupt), (156 bytes).
    Removing myfun.o(.ARM.exidx.text.ADC_ConfInterrupt), (8 bytes).
    Removing myfun.o(.ARM.exidx.text.ADC3_IRQHandler), (8 bytes).
    Removing myfun.o(.text.ADC_Conf_DMA_2Channels), (240 bytes).
    Removing myfun.o(.ARM.exidx.text.ADC_Conf_DMA_2Channels), (8 bytes).
    Removing myfun.o(.text.ADC_Conf_DMA_2ChannelsMean), (240 bytes).
    Removing myfun.o(.ARM.exidx.text.ADC_Conf_DMA_2ChannelsMean), (8 bytes).
    Removing myfun.o(.text.I2C3_ConfBasic), (136 bytes).
    Removing myfun.o(.ARM.exidx.text.I2C3_ConfBasic), (8 bytes).
    Removing myfun.o(.text.LSM303_ACC_ReadWhoAmI), (136 bytes).
    Removing myfun.o(.ARM.exidx.text.LSM303_ACC_ReadWhoAmI), (8 bytes).
    Removing myfun.o(.text.LSM303_ACC_WriteConfig), (182 bytes).
    Removing myfun.o(.ARM.exidx.text.LSM303_ACC_WriteConfig), (8 bytes).
    Removing myfun.o(.text.LSM303_ACC_Read), (392 bytes).
    Removing myfun.o(.ARM.exidx.text.LSM303_ACC_Read), (8 bytes).
    Removing myfun.o(.text.LSM303_MAG_ReadWhoAmI), (136 bytes).
    Removing myfun.o(.ARM.exidx.text.LSM303_MAG_ReadWhoAmI), (8 bytes).
    Removing myfun.o(.text.LSM303_MAG_WriteConfig), (372 bytes).
    Removing myfun.o(.ARM.exidx.text.LSM303_MAG_WriteConfig), (8 bytes).
    Removing myfun.o(.text.LSM303_MAG_Read), (392 bytes).
    Removing myfun.o(.ARM.exidx.text.LSM303_MAG_Read), (8 bytes).
    Removing myfun.o(.text.LPUART1_Conf_DMA), (312 bytes).
    Removing myfun.o(.ARM.exidx.text.LPUART1_Conf_DMA), (8 bytes).
    Removing myfun.o(.text.LPUART1_SendWithDMA), (104 bytes).
    Removing myfun.o(.ARM.exidx.text.LPUART1_SendWithDMA), (8 bytes).
    Removing myfun.o(.ARM.exidx.text.DMA2_Channel6_IRQHandler), (8 bytes).
    Removing myfun.o(.text.Joy_Interrupt_Conf), (310 bytes).
    Removing myfun.o(.ARM.exidx.text.Joy_Interrupt_Conf), (8 bytes).
    Removing myfun.o(.ARM.exidx.text.EXTI0_IRQHandler), (8 bytes).
    Removing myfun.o(.ARM.exidx.text.EXTI1_IRQHandler), (8 bytes).
    Removing myfun.o(.ARM.exidx.text.EXTI2_IRQHandler), (8 bytes).
    Removing myfun.o(.ARM.exidx.text.EXTI3_IRQHandler), (8 bytes).
    Removing myfun.o(.ARM.exidx.text.EXTI15_10_IRQHandler), (8 bytes).
    Removing myfun.o(.text.HCSR04_Conf), (156 bytes).
    Removing myfun.o(.ARM.exidx.text.HCSR04_Conf), (8 bytes).
    Removing myfun.o(.ARM.exidx.text.HCSR04_SendTriger), (8 bytes).
    Removing myfun.o(.ARM.exidx.text.HCSR04_ReadEcho), (8 bytes).
    Removing myfun.o(.ARM.exidx.text.EXTI4_IRQHandler), (8 bytes).
    Removing myfun.o(.ARM.exidx.text.TIM7_IRQHandler), (8 bytes).
    Removing myfun.o(.ARM.exidx.text.LedRGB_PwmConf), (8 bytes).
    Removing myfun.o(.text.LedRGB_SetColor), (60 bytes).
    Removing myfun.o(.ARM.exidx.text.LedRGB_SetColor), (8 bytes).
    Removing myfun.o(.ARM.exidx.text.Servodrive_Conf), (8 bytes).
    Removing myfun.o(.text.Serwodrive_SetPosition), (152 bytes).
    Removing myfun.o(.ARM.exidx.text.Serwodrive_SetPosition), (8 bytes).
    Removing myfun.o(.ARM.exidx.text.DCMotor_Conf), (8 bytes).
    Removing myfun.o(.ARM.exidx.text.Encoder_Conf), (8 bytes).
    Removing myfun.o(.bss.tab), (400 bytes).
    Removing myfun.o(.bss.whoacc), (1 bytes).
    Removing myfun.o(.bss.accx), (2 bytes).
    Removing myfun.o(.bss.accy), (2 bytes).
    Removing myfun.o(.bss.accz), (2 bytes).
    Removing myfun.o(.bss.accx_g), (8 bytes).
    Removing myfun.o(.bss.accy_g), (8 bytes).
    Removing myfun.o(.bss.accz_g), (8 bytes).
    Removing myfun.o(.bss.whomag), (1 bytes).
    Removing myfun.o(.bss.magx), (2 bytes).
    Removing myfun.o(.bss.magy), (2 bytes).
    Removing myfun.o(.bss.magz), (2 bytes).
    Removing myfun.o(.bss.magx_g), (8 bytes).
    Removing myfun.o(.bss.magy_g), (8 bytes).
    Removing myfun.o(.bss.magz_g), (8 bytes).
    Removing myfun.o(.bss.dmabufwrite), (100 bytes).
    Removing myfun.o(.bss.dmabufread), (100 bytes).
    Removing system_stm32l4xx.o(.text), (0 bytes).
    Removing system_stm32l4xx.o(.ARM.exidx.text.SystemInit), (8 bytes).
    Removing system_stm32l4xx.o(.text.SystemCoreClockUpdate), (380 bytes).
    Removing system_stm32l4xx.o(.ARM.exidx.text.SystemCoreClockUpdate), (8 bytes).
    Removing system_stm32l4xx.o(.data.SystemCoreClock), (4 bytes).
    Removing system_stm32l4xx.o(.rodata.AHBPrescTable), (16 bytes).
    Removing system_stm32l4xx.o(.rodata.APBPrescTable), (8 bytes).
    Removing system_stm32l4xx.o(.rodata.MSIRangeTable), (48 bytes).

130 unused section(s) (total 7050 bytes) removed from the image.

==============================================================================

Image Symbol Table

    Local Symbols

    Symbol Name                              Value     Ov Type        Size  Object(Section)

    ../clib/angel/boardlib.s                 0x00000000   Number         0  boardinit1.o ABSOLUTE
    ../clib/angel/boardlib.s                 0x00000000   Number         0  boardinit2.o ABSOLUTE
    ../clib/angel/boardlib.s                 0x00000000   Number         0  boardinit3.o ABSOLUTE
    ../clib/angel/boardlib.s                 0x00000000   Number         0  boardshut.o ABSOLUTE
    ../clib/angel/handlers.s                 0x00000000   Number         0  __scatter_zi.o ABSOLUTE
    ../clib/angel/kernel.s                   0x00000000   Number         0  __rtentry.o ABSOLUTE
    ../clib/angel/kernel.s                   0x00000000   Number         0  __rtentry2.o ABSOLUTE
    ../clib/angel/kernel.s                   0x00000000   Number         0  __rtentry4.o ABSOLUTE
    ../clib/angel/kernel.s                   0x00000000   Number         0  rtexit.o ABSOLUTE
    ../clib/angel/kernel.s                   0x00000000   Number         0  rtexit2.o ABSOLUTE
    ../clib/angel/rt.s                       0x00000000   Number         0  rt_raise.o ABSOLUTE
    ../clib/angel/scatter.s                  0x00000000   Number         0  __scatter.o ABSOLUTE
    ../clib/angel/startup.s                  0x00000000   Number         0  __main.o ABSOLUTE
    ../clib/angel/sys.s                      0x00000000   Number         0  sys_stackheap_outer.o ABSOLUTE
    ../clib/angel/sys.s                      0x00000000   Number         0  libspace.o ABSOLUTE
    ../clib/angel/sys.s                      0x00000000   Number         0  use_no_semi.o ABSOLUTE
    ../clib/angel/sys.s                      0x00000000   Number         0  indicate_semi.o ABSOLUTE
    ../clib/angel/sysapp.c                   0x00000000   Number         0  sys_exit.o ABSOLUTE
    ../clib/angel/sysapp.c                   0x00000000   Number         0  sys_exit_hlt.o ABSOLUTE
    ../clib/angel/sysapp.c                   0x00000000   Number         0  sys_command.o ABSOLUTE
    ../clib/angel/sysapp.c                   0x00000000   Number         0  sys_command_hlt.o ABSOLUTE
    ../clib/angel/sysapp.c                   0x00000000   Number         0  sys_wrch.o ABSOLUTE
    ../clib/angel/sysapp.c                   0x00000000   Number         0  sys_wrch_hlt.o ABSOLUTE
    ../clib/armsys.c                         0x00000000   Number         0  argv_veneer.o ABSOLUTE
    ../clib/armsys.c                         0x00000000   Number         0  argv_veneer.o ABSOLUTE
    ../clib/armsys.c                         0x00000000   Number         0  _get_argv_nomalloc.o ABSOLUTE
    ../clib/armsys.c                         0x00000000   Number         0  no_argv.o ABSOLUTE
    ../clib/heapalloc.c                      0x00000000   Number         0  hrguard.o ABSOLUTE
    ../clib/heapaux.c                        0x00000000   Number         0  heapauxi.o ABSOLUTE
    ../clib/libinit.s                        0x00000000   Number         0  libinit.o ABSOLUTE
    ../clib/libinit.s                        0x00000000   Number         0  libinit2.o ABSOLUTE
    ../clib/libinit.s                        0x00000000   Number         0  libshutdown.o ABSOLUTE
    ../clib/libinit.s                        0x00000000   Number         0  libshutdown2.o ABSOLUTE
    ../clib/signal.c                         0x00000000   Number         0  defsig_rtmem_outer.o ABSOLUTE
    ../clib/signal.c                         0x00000000   Number         0  defsig_rtmem_formal.o ABSOLUTE
    ../clib/signal.c                         0x00000000   Number         0  defsig_exit.o ABSOLUTE
    ../clib/signal.c                         0x00000000   Number         0  defsig_rtmem_inner.o ABSOLUTE
    ../clib/signal.c                         0x00000000   Number         0  __raise.o ABSOLUTE
    ../clib/signal.c                         0x00000000   Number         0  defsig_general.o ABSOLUTE
    ../clib/signal.c                         0x00000000   Number         0  defsig_abrt_inner.o ABSOLUTE
    ../clib/signal.c                         0x00000000   Number         0  defsig_fpe_inner.o ABSOLUTE
    ../clib/signal.c                         0x00000000   Number         0  defsig_rtred_inner.o ABSOLUTE
    ../clib/signal.c                         0x00000000   Number         0  defsig_stak_inner.o ABSOLUTE
    ../clib/signal.c                         0x00000000   Number         0  defsig_pvfn_inner.o ABSOLUTE
    ../clib/signal.c                         0x00000000   Number         0  defsig_cppl_inner.o ABSOLUTE
    ../clib/signal.c                         0x00000000   Number         0  defsig_segv_inner.o ABSOLUTE
    ../clib/signal.c                         0x00000000   Number         0  defsig_other.o ABSOLUTE
    ../clib/signal.s                         0x00000000   Number         0  defsig.o ABSOLUTE
    ../clib/stdlib.c                         0x00000000   Number         0  exit.o ABSOLUTE
    ../fplib/d2f.s                           0x00000000   Number         0  d2f.o ABSOLUTE
    ../fplib/daddsub.s                       0x00000000   Number         0  daddsub_clz.o ABSOLUTE
    ../fplib/dcmp.s                          0x00000000   Number         0  dcmp.o ABSOLUTE
    ../fplib/dcmpi.s                         0x00000000   Number         0  dcmpi.o ABSOLUTE
    ../fplib/ddiv.s                          0x00000000   Number         0  ddiv.o ABSOLUTE
    ../fplib/deqf.s                          0x00000000   Number         0  deqf.o ABSOLUTE
    ../fplib/dfix.s                          0x00000000   Number         0  dfix.o ABSOLUTE
    ../fplib/dfixu.s                         0x00000000   Number         0  dfixu.o ABSOLUTE
    ../fplib/dflt.s                          0x00000000   Number         0  dflt_clz.o ABSOLUTE
    ../fplib/dgeqf.s                         0x00000000   Number         0  dgeqf.o ABSOLUTE
    ../fplib/dleqf.s                         0x00000000   Number         0  dleqf.o ABSOLUTE
    ../fplib/dmul.s                          0x00000000   Number         0  dmul.o ABSOLUTE
    ../fplib/dnaninf.s                       0x00000000   Number         0  dnaninf.o ABSOLUTE
    ../fplib/dretinf.s                       0x00000000   Number         0  dretinf.o ABSOLUTE
    ../fplib/f2d.s                           0x00000000   Number         0  f2d.o ABSOLUTE
    ../fplib/fnaninf.s                       0x00000000   Number         0  fnaninf.o ABSOLUTE
    ../fplib/fpinit.s                        0x00000000   Number         0  fpinit.o ABSOLUTE
    ../fplib/fretinf.s                       0x00000000   Number         0  fretinf.o ABSOLUTE
    ../fplib/usenofp.s                       0x00000000   Number         0  usenofp.o ABSOLUTE
    HD44780.c                                0x00000000   Number         0  hd44780.o ABSOLUTE
    Myfun.c                                  0x00000000   Number         0  myfun.o ABSOLUTE
    RTE/Device/STM32L496ZGTx/startup_stm32l496xx.s 0x00000000   Number         0  startup_stm32l496xx.o ABSOLUTE
    dc.s                                     0x00000000   Number         0  dc.o ABSOLUTE
    main.c                                   0x00000000   Number         0  main.o ABSOLUTE
    system_stm32l4xx.c                       0x00000000   Number         0  system_stm32l4xx.o ABSOLUTE
    RESET                                    0x08000000   Section      428  startup_stm32l496xx.o(RESET)
    !!!main                                  0x080001ac   Section        8  __main.o(!!!main)
    !!!scatter                               0x080001b4   Section       92  __scatter.o(!!!scatter)
    !!handler_null                           0x08000210   Section        2  __scatter.o(!!handler_null)
    !!handler_zi                             0x08000214   Section       28  __scatter_zi.o(!!handler_zi)
    .ARM.Collect$$libinit$$00000000          0x08000230   Section        2  libinit.o(.ARM.Collect$$libinit$$00000000)
    .ARM.Collect$$libinit$$00000001          0x08000232   Section        4  libinit2.o(.ARM.Collect$$libinit$$00000001)
    .ARM.Collect$$libinit$$00000004          0x08000236   Section        0  libinit2.o(.ARM.Collect$$libinit$$00000004)
    .ARM.Collect$$libinit$$00000006          0x08000236   Section        0  libinit2.o(.ARM.Collect$$libinit$$00000006)
    .ARM.Collect$$libinit$$0000000C          0x08000236   Section        0  libinit2.o(.ARM.Collect$$libinit$$0000000C)
    .ARM.Collect$$libinit$$0000000E          0x08000236   Section        0  libinit2.o(.ARM.Collect$$libinit$$0000000E)
    .ARM.Collect$$libinit$$00000010          0x08000236   Section        0  libinit2.o(.ARM.Collect$$libinit$$00000010)
    .ARM.Collect$$libinit$$00000013          0x08000236   Section        0  libinit2.o(.ARM.Collect$$libinit$$00000013)
    .ARM.Collect$$libinit$$00000015          0x08000236   Section        0  libinit2.o(.ARM.Collect$$libinit$$00000015)
    .ARM.Collect$$libinit$$00000017          0x08000236   Section        0  libinit2.o(.ARM.Collect$$libinit$$00000017)
    .ARM.Collect$$libinit$$00000019          0x08000236   Section        0  libinit2.o(.ARM.Collect$$libinit$$00000019)
    .ARM.Collect$$libinit$$0000001B          0x08000236   Section        0  libinit2.o(.ARM.Collect$$libinit$$0000001B)
    .ARM.Collect$$libinit$$0000001D          0x08000236   Section        0  libinit2.o(.ARM.Collect$$libinit$$0000001D)
    .ARM.Collect$$libinit$$0000001F          0x08000236   Section        0  libinit2.o(.ARM.Collect$$libinit$$0000001F)
    .ARM.Collect$$libinit$$00000021          0x08000236   Section        0  libinit2.o(.ARM.Collect$$libinit$$00000021)
    .ARM.Collect$$libinit$$00000023          0x08000236   Section        0  libinit2.o(.ARM.Collect$$libinit$$00000023)
    .ARM.Collect$$libinit$$00000025          0x08000236   Section        0  libinit2.o(.ARM.Collect$$libinit$$00000025)
    .ARM.Collect$$libinit$$00000027          0x08000236   Section        0  libinit2.o(.ARM.Collect$$libinit$$00000027)
    .ARM.Collect$$libinit$$0000002E          0x08000236   Section        0  libinit2.o(.ARM.Collect$$libinit$$0000002E)
    .ARM.Collect$$libinit$$00000030          0x08000236   Section        0  libinit2.o(.ARM.Collect$$libinit$$00000030)
    .ARM.Collect$$libinit$$00000032          0x08000236   Section        0  libinit2.o(.ARM.Collect$$libinit$$00000032)
    .ARM.Collect$$libinit$$00000034          0x08000236   Section        0  libinit2.o(.ARM.Collect$$libinit$$00000034)
    .ARM.Collect$$libinit$$00000035          0x08000236   Section        2  libinit2.o(.ARM.Collect$$libinit$$00000035)
    .ARM.Collect$$libshutdown$$00000000      0x08000238   Section        2  libshutdown.o(.ARM.Collect$$libshutdown$$00000000)
    .ARM.Collect$$libshutdown$$00000002      0x0800023a   Section        0  libshutdown2.o(.ARM.Collect$$libshutdown$$00000002)
    .ARM.Collect$$libshutdown$$00000004      0x0800023a   Section        0  libshutdown2.o(.ARM.Collect$$libshutdown$$00000004)
    .ARM.Collect$$libshutdown$$00000007      0x0800023a   Section        0  libshutdown2.o(.ARM.Collect$$libshutdown$$00000007)
    .ARM.Collect$$libshutdown$$0000000A      0x0800023a   Section        0  libshutdown2.o(.ARM.Collect$$libshutdown$$0000000A)
    .ARM.Collect$$libshutdown$$0000000C      0x0800023a   Section        0  libshutdown2.o(.ARM.Collect$$libshutdown$$0000000C)
    .ARM.Collect$$libshutdown$$0000000F      0x0800023a   Section        0  libshutdown2.o(.ARM.Collect$$libshutdown$$0000000F)
    .ARM.Collect$$libshutdown$$00000010      0x0800023a   Section        2  libshutdown2.o(.ARM.Collect$$libshutdown$$00000010)
    .ARM.Collect$$rtentry$$00000000          0x0800023c   Section        0  __rtentry.o(.ARM.Collect$$rtentry$$00000000)
    .ARM.Collect$$rtentry$$00000002          0x0800023c   Section        0  __rtentry2.o(.ARM.Collect$$rtentry$$00000002)
    .ARM.Collect$$rtentry$$00000004          0x0800023c   Section        6  __rtentry4.o(.ARM.Collect$$rtentry$$00000004)
    .ARM.Collect$$rtentry$$00000009          0x08000242   Section        0  __rtentry2.o(.ARM.Collect$$rtentry$$00000009)
    .ARM.Collect$$rtentry$$0000000A          0x08000242   Section        4  __rtentry2.o(.ARM.Collect$$rtentry$$0000000A)
    .ARM.Collect$$rtentry$$0000000C          0x08000246   Section        0  __rtentry2.o(.ARM.Collect$$rtentry$$0000000C)
    .ARM.Collect$$rtentry$$0000000D          0x08000246   Section        8  __rtentry2.o(.ARM.Collect$$rtentry$$0000000D)
    .ARM.Collect$$rtexit$$00000000           0x0800024e   Section        2  rtexit.o(.ARM.Collect$$rtexit$$00000000)
    .ARM.Collect$$rtexit$$00000002           0x08000250   Section        0  rtexit2.o(.ARM.Collect$$rtexit$$00000002)
    .ARM.Collect$$rtexit$$00000003           0x08000250   Section        4  rtexit2.o(.ARM.Collect$$rtexit$$00000003)
    .ARM.Collect$$rtexit$$00000004           0x08000254   Section        6  rtexit2.o(.ARM.Collect$$rtexit$$00000004)
    $v0                                      0x0800025c   Number         0  startup_stm32l496xx.o(.text)
    .text                                    0x0800025c   Section       64  startup_stm32l496xx.o(.text)
    .text                                    0x0800029c   Section        0  heapauxi.o(.text)
    .text                                    0x080002a2   Section       74  sys_stackheap_outer.o(.text)
    .text                                    0x080002ec   Section        0  exit.o(.text)
    .text                                    0x08000300   Section        8  libspace.o(.text)
    .text                                    0x08000308   Section        0  sys_exit.o(.text)
    .text                                    0x08000314   Section        2  use_no_semi.o(.text)
    .text                                    0x08000316   Section        0  indicate_semi.o(.text)
    [Anonymous Symbol]                       0x08000318   Section        0  myfun.o(.text.ADC3_IRQHandler)
    [Anonymous Symbol]                       0x08000350   Section        0  myfun.o(.text.DCMotor_Conf)
    [Anonymous Symbol]                       0x08000450   Section        0  myfun.o(.text.DMA2_Channel6_IRQHandler)
    [Anonymous Symbol]                       0x08000480   Section        0  myfun.o(.text.EXTI0_IRQHandler)
    [Anonymous Symbol]                       0x080004c8   Section        0  myfun.o(.text.EXTI15_10_IRQHandler)
    [Anonymous Symbol]                       0x08000524   Section        0  myfun.o(.text.EXTI1_IRQHandler)
    [Anonymous Symbol]                       0x0800056c   Section        0  myfun.o(.text.EXTI2_IRQHandler)
    [Anonymous Symbol]                       0x080005b4   Section        0  myfun.o(.text.EXTI3_IRQHandler)
    [Anonymous Symbol]                       0x08000600   Section        0  myfun.o(.text.EXTI4_IRQHandler)
    [Anonymous Symbol]                       0x080006b0   Section        0  myfun.o(.text.Encoder_Conf)
    [Anonymous Symbol]                       0x0800074c   Section        0  myfun.o(.text.HCSR04_ReadEcho)
    [Anonymous Symbol]                       0x0800079c   Section        0  myfun.o(.text.HCSR04_SendTriger)
    [Anonymous Symbol]                       0x080007f8   Section        0  myfun.o(.text.Joy_Conf)
    [Anonymous Symbol]                       0x0800083c   Section        0  myfun.o(.text.LPUART1_IRQHandler)
    [Anonymous Symbol]                       0x08000970   Section        0  myfun.o(.text.LPUART1_ReinitDMA)
    [Anonymous Symbol]                       0x08000998   Section        0  myfun.o(.text.Led7seg_Conf)
    [Anonymous Symbol]                       0x08000aa4   Section        0  myfun.o(.text.Led7seg_WriteDigit)
    [Anonymous Symbol]                       0x08000c54   Section        0  myfun.o(.text.Led7seg_WriteNumber)
    [Anonymous Symbol]                       0x08000d10   Section        0  myfun.o(.text.LedRGB_PwmConf)
    [Anonymous Symbol]                       0x08000e28   Section        0  myfun.o(.text.Led_Conf)
    [Anonymous Symbol]                       0x08000ee4   Section        0  myfun.o(.text.Led_OnOff)
    [Anonymous Symbol]                       0x080011b8   Section        0  myfun.o(.text.Servodrive_Conf)
    SysTick_Config                           0x08001255   Thumb Code    82  main.o(.text.SysTick_Config)
    [Anonymous Symbol]                       0x08001254   Section        0  main.o(.text.SysTick_Config)
    [Anonymous Symbol]                       0x080012a8   Section        0  myfun.o(.text.SysTick_Handler)
    [Anonymous Symbol]                       0x080012c0   Section        0  system_stm32l4xx.o(.text.SystemInit)
    [Anonymous Symbol]                       0x080012d4   Section        0  hd44780.o(.text.TIM6_DAC_IRQHandler)
    [Anonymous Symbol]                       0x08001308   Section        0  myfun.o(.text.TIM7_IRQHandler)
    __NVIC_EnableIRQ                         0x0800134d   Thumb Code    48  myfun.o(.text.__NVIC_EnableIRQ)
    [Anonymous Symbol]                       0x0800134c   Section        0  myfun.o(.text.__NVIC_EnableIRQ)
    __NVIC_SetPriority                       0x0800137d   Thumb Code    66  main.o(.text.__NVIC_SetPriority)
    [Anonymous Symbol]                       0x0800137c   Section        0  main.o(.text.__NVIC_SetPriority)
    [Anonymous Symbol]                       0x080013c0   Section        0  main.o(.text.main)
    $v0                                      0x08001488   Number         0  d2f.o(x$fpl$d2f)
    x$fpl$d2f                                0x08001488   Section       98  d2f.o(x$fpl$d2f)
    $v0                                      0x080014ec   Number         0  ddiv.o(x$fpl$ddiv)
    x$fpl$ddiv                               0x080014ec   Section      692  ddiv.o(x$fpl$ddiv)
    ddiv_entry                               0x080014f3   Thumb Code     0  ddiv.o(x$fpl$ddiv)
    $v0                                      0x080017a0   Number         0  dfix.o(x$fpl$dfix)
    x$fpl$dfix                               0x080017a0   Section       94  dfix.o(x$fpl$dfix)
    $v0                                      0x080017fe   Number         0  dflt_clz.o(x$fpl$dfltu)
    x$fpl$dfltu                              0x080017fe   Section       38  dflt_clz.o(x$fpl$dfltu)
    $v0                                      0x08001824   Number         0  dmul.o(x$fpl$dmul)
    x$fpl$dmul                               0x08001824   Section      340  dmul.o(x$fpl$dmul)
    $v0                                      0x08001978   Number         0  dnaninf.o(x$fpl$dnaninf)
    x$fpl$dnaninf                            0x08001978   Section      156  dnaninf.o(x$fpl$dnaninf)
    $v0                                      0x08001a14   Number         0  dretinf.o(x$fpl$dretinf)
    x$fpl$dretinf                            0x08001a14   Section       12  dretinf.o(x$fpl$dretinf)
    $v0                                      0x08001a20   Number         0  f2d.o(x$fpl$f2d)
    x$fpl$f2d                                0x08001a20   Section       86  f2d.o(x$fpl$f2d)
    $v0                                      0x08001a76   Number         0  fnaninf.o(x$fpl$fnaninf)
    x$fpl$fnaninf                            0x08001a76   Section      140  fnaninf.o(x$fpl$fnaninf)
    $v0                                      0x08001b02   Number         0  fpinit.o(x$fpl$fpinit)
    x$fpl$fpinit                             0x08001b02   Section       26  fpinit.o(x$fpl$fpinit)
    $v0                                      0x08001b1c   Number         0  fretinf.o(x$fpl$fretinf)
    x$fpl$fretinf                            0x08001b1c   Section       10  fretinf.o(x$fpl$fretinf)
    x$fpl$usenofp                            0x08001b26   Section        0  usenofp.o(x$fpl$usenofp)
    .bss                                     0x20000000   Section       96  libspace.o(.bss)
    Heap_Mem                                 0x20000160   Data         512  startup_stm32l496xx.o(HEAP)
    HEAP                                     0x20000160   Section      512  startup_stm32l496xx.o(HEAP)
    Stack_Mem                                0x20000360   Data        1024  startup_stm32l496xx.o(STACK)
    STACK                                    0x20000360   Section     1024  startup_stm32l496xx.o(STACK)
    __initial_sp                             0x20000760   Data           0  startup_stm32l496xx.o(STACK)

    Global Symbols

    Symbol Name                              Value     Ov Type        Size  Object(Section)

    BuildAttributes$$THM_ISAv4$E$P$D$K$B$S$7EM$VFPi3$EXTD16$VFPS$VFMA$PE$A:L22UL41UL21$X:L11$S22US41US21$IEEE1$IW$~IW$USESV6$~STKCKD$USESV7$~SHL$OSPACE$ROPI$EBA8$UX$STANDARDLIB$REQ8$PRES8$EABIv2 0x00000000   Number         0  anon$$obj.o ABSOLUTE
    __ARM_exceptions_init                     - Undefined Weak Reference
    __alloca_initialize                       - Undefined Weak Reference
    __arm_preinit_                            - Undefined Weak Reference
    __arm_relocate_pie_                       - Undefined Weak Reference
    __cpp_initialize__aeabi_                  - Undefined Weak Reference
    __cxa_finalize                            - Undefined Weak Reference
    __rt_locale                               - Undefined Weak Reference
    __sigvec_lookup                           - Undefined Weak Reference
    _atexit_init                              - Undefined Weak Reference
    _call_atexit_fns                          - Undefined Weak Reference
    _clock_init                               - Undefined Weak Reference
    _fp_trap_init                             - Undefined Weak Reference
    _fp_trap_shutdown                         - Undefined Weak Reference
    _get_lc_collate                           - Undefined Weak Reference
    _get_lc_ctype                             - Undefined Weak Reference
    _get_lc_monetary                          - Undefined Weak Reference
    _get_lc_numeric                           - Undefined Weak Reference
    _get_lc_time                              - Undefined Weak Reference
    _getenv_init                              - Undefined Weak Reference
    _handle_redirection                       - Undefined Weak Reference
    _init_alloc                               - Undefined Weak Reference
    _init_user_alloc                          - Undefined Weak Reference
    _initio                                   - Undefined Weak Reference
    _rand_init                                - Undefined Weak Reference
    _signal_finish                            - Undefined Weak Reference
    _signal_init                              - Undefined Weak Reference
    _terminate_alloc                          - Undefined Weak Reference
    _terminate_user_alloc                     - Undefined Weak Reference
    _terminateio                              - Undefined Weak Reference
    __Vectors_Size                           0x000001ac   Number         0  startup_stm32l496xx.o ABSOLUTE
    __Vectors                                0x08000000   Data           4  startup_stm32l496xx.o(RESET)
    __Vectors_End                            0x080001ac   Data           0  startup_stm32l496xx.o(RESET)
    __main                                   0x080001ad   Thumb Code     8  __main.o(!!!main)
    __scatterload                            0x080001b5   Thumb Code     0  __scatter.o(!!!scatter)
    __scatterload_rt2                        0x080001b5   Thumb Code    84  __scatter.o(!!!scatter)
    __scatterload_rt2_thumb_only             0x080001b5   Thumb Code     0  __scatter.o(!!!scatter)
    __scatterload_loop                       0x080001bf   Thumb Code     0  __scatter.o(!!!scatter)
    __scatterload_null                       0x08000211   Thumb Code     2  __scatter.o(!!handler_null)
    __scatterload_zeroinit                   0x08000215   Thumb Code    28  __scatter_zi.o(!!handler_zi)
    __rt_lib_init                            0x08000231   Thumb Code     0  libinit.o(.ARM.Collect$$libinit$$00000000)
    __rt_lib_init_fp_1                       0x08000233   Thumb Code     0  libinit2.o(.ARM.Collect$$libinit$$00000001)
    __rt_lib_init_alloca_1                   0x08000237   Thumb Code     0  libinit2.o(.ARM.Collect$$libinit$$00000030)
    __rt_lib_init_argv_1                     0x08000237   Thumb Code     0  libinit2.o(.ARM.Collect$$libinit$$0000002E)
    __rt_lib_init_atexit_1                   0x08000237   Thumb Code     0  libinit2.o(.ARM.Collect$$libinit$$0000001D)
    __rt_lib_init_clock_1                    0x08000237   Thumb Code     0  libinit2.o(.ARM.Collect$$libinit$$00000023)
    __rt_lib_init_cpp_1                      0x08000237   Thumb Code     0  libinit2.o(.ARM.Collect$$libinit$$00000034)
    __rt_lib_init_exceptions_1               0x08000237   Thumb Code     0  libinit2.o(.ARM.Collect$$libinit$$00000032)
    __rt_lib_init_fp_trap_1                  0x08000237   Thumb Code     0  libinit2.o(.ARM.Collect$$libinit$$00000021)
    __rt_lib_init_getenv_1                   0x08000237   Thumb Code     0  libinit2.o(.ARM.Collect$$libinit$$00000025)
    __rt_lib_init_heap_1                     0x08000237   Thumb Code     0  libinit2.o(.ARM.Collect$$libinit$$0000000C)
    __rt_lib_init_lc_collate_1               0x08000237   Thumb Code     0  libinit2.o(.ARM.Collect$$libinit$$00000013)
    __rt_lib_init_lc_ctype_1                 0x08000237   Thumb Code     0  libinit2.o(.ARM.Collect$$libinit$$00000015)
    __rt_lib_init_lc_monetary_1              0x08000237   Thumb Code     0  libinit2.o(.ARM.Collect$$libinit$$00000017)
    __rt_lib_init_lc_numeric_1               0x08000237   Thumb Code     0  libinit2.o(.ARM.Collect$$libinit$$00000019)
    __rt_lib_init_lc_time_1                  0x08000237   Thumb Code     0  libinit2.o(.ARM.Collect$$libinit$$0000001B)
    __rt_lib_init_preinit_1                  0x08000237   Thumb Code     0  libinit2.o(.ARM.Collect$$libinit$$00000006)
    __rt_lib_init_rand_1                     0x08000237   Thumb Code     0  libinit2.o(.ARM.Collect$$libinit$$00000010)
    __rt_lib_init_relocate_pie_1             0x08000237   Thumb Code     0  libinit2.o(.ARM.Collect$$libinit$$00000004)
    __rt_lib_init_return                     0x08000237   Thumb Code     0  libinit2.o(.ARM.Collect$$libinit$$00000035)
    __rt_lib_init_signal_1                   0x08000237   Thumb Code     0  libinit2.o(.ARM.Collect$$libinit$$0000001F)
    __rt_lib_init_stdio_1                    0x08000237   Thumb Code     0  libinit2.o(.ARM.Collect$$libinit$$00000027)
    __rt_lib_init_user_alloc_1               0x08000237   Thumb Code     0  libinit2.o(.ARM.Collect$$libinit$$0000000E)
    __rt_lib_shutdown                        0x08000239   Thumb Code     0  libshutdown.o(.ARM.Collect$$libshutdown$$00000000)
    __rt_lib_shutdown_cpp_1                  0x0800023b   Thumb Code     0  libshutdown2.o(.ARM.Collect$$libshutdown$$00000002)
    __rt_lib_shutdown_fp_trap_1              0x0800023b   Thumb Code     0  libshutdown2.o(.ARM.Collect$$libshutdown$$00000007)
    __rt_lib_shutdown_heap_1                 0x0800023b   Thumb Code     0  libshutdown2.o(.ARM.Collect$$libshutdown$$0000000F)
    __rt_lib_shutdown_return                 0x0800023b   Thumb Code     0  libshutdown2.o(.ARM.Collect$$libshutdown$$00000010)
    __rt_lib_shutdown_signal_1               0x0800023b   Thumb Code     0  libshutdown2.o(.ARM.Collect$$libshutdown$$0000000A)
    __rt_lib_shutdown_stdio_1                0x0800023b   Thumb Code     0  libshutdown2.o(.ARM.Collect$$libshutdown$$00000004)
    __rt_lib_shutdown_user_alloc_1           0x0800023b   Thumb Code     0  libshutdown2.o(.ARM.Collect$$libshutdown$$0000000C)
    __rt_entry                               0x0800023d   Thumb Code     0  __rtentry.o(.ARM.Collect$$rtentry$$00000000)
    __rt_entry_presh_1                       0x0800023d   Thumb Code     0  __rtentry2.o(.ARM.Collect$$rtentry$$00000002)
    __rt_entry_sh                            0x0800023d   Thumb Code     0  __rtentry4.o(.ARM.Collect$$rtentry$$00000004)
    __rt_entry_li                            0x08000243   Thumb Code     0  __rtentry2.o(.ARM.Collect$$rtentry$$0000000A)
    __rt_entry_postsh_1                      0x08000243   Thumb Code     0  __rtentry2.o(.ARM.Collect$$rtentry$$00000009)
    __rt_entry_main                          0x08000247   Thumb Code     0  __rtentry2.o(.ARM.Collect$$rtentry$$0000000D)
    __rt_entry_postli_1                      0x08000247   Thumb Code     0  __rtentry2.o(.ARM.Collect$$rtentry$$0000000C)
    __rt_exit                                0x0800024f   Thumb Code     0  rtexit.o(.ARM.Collect$$rtexit$$00000000)
    __rt_exit_ls                             0x08000251   Thumb Code     0  rtexit2.o(.ARM.Collect$$rtexit$$00000003)
    __rt_exit_prels_1                        0x08000251   Thumb Code     0  rtexit2.o(.ARM.Collect$$rtexit$$00000002)
    __rt_exit_exit                           0x08000255   Thumb Code     0  rtexit2.o(.ARM.Collect$$rtexit$$00000004)
    Reset_Handler                            0x0800025d   Thumb Code     8  startup_stm32l496xx.o(.text)
    NMI_Handler                              0x08000265   Thumb Code     2  startup_stm32l496xx.o(.text)
    HardFault_Handler                        0x08000267   Thumb Code     2  startup_stm32l496xx.o(.text)
    MemManage_Handler                        0x08000269   Thumb Code     2  startup_stm32l496xx.o(.text)
    BusFault_Handler                         0x0800026b   Thumb Code     2  startup_stm32l496xx.o(.text)
    UsageFault_Handler                       0x0800026d   Thumb Code     2  startup_stm32l496xx.o(.text)
    SVC_Handler                              0x0800026f   Thumb Code     2  startup_stm32l496xx.o(.text)
    DebugMon_Handler                         0x08000271   Thumb Code     2  startup_stm32l496xx.o(.text)
    PendSV_Handler                           0x08000273   Thumb Code     2  startup_stm32l496xx.o(.text)
    ADC1_2_IRQHandler                        0x08000277   Thumb Code     0  startup_stm32l496xx.o(.text)
    CAN1_RX0_IRQHandler                      0x08000277   Thumb Code     0  startup_stm32l496xx.o(.text)
    CAN1_RX1_IRQHandler                      0x08000277   Thumb Code     0  startup_stm32l496xx.o(.text)
    CAN1_SCE_IRQHandler                      0x08000277   Thumb Code     0  startup_stm32l496xx.o(.text)
    CAN1_TX_IRQHandler                       0x08000277   Thumb Code     0  startup_stm32l496xx.o(.text)
    CAN2_RX0_IRQHandler                      0x08000277   Thumb Code     0  startup_stm32l496xx.o(.text)
    CAN2_RX1_IRQHandler                      0x08000277   Thumb Code     0  startup_stm32l496xx.o(.text)
    CAN2_SCE_IRQHandler                      0x08000277   Thumb Code     0  startup_stm32l496xx.o(.text)
    CAN2_TX_IRQHandler                       0x08000277   Thumb Code     0  startup_stm32l496xx.o(.text)
    COMP_IRQHandler                          0x08000277   Thumb Code     0  startup_stm32l496xx.o(.text)
    CRS_IRQHandler                           0x08000277   Thumb Code     0  startup_stm32l496xx.o(.text)
    DCMI_IRQHandler                          0x08000277   Thumb Code     0  startup_stm32l496xx.o(.text)
    DFSDM1_FLT0_IRQHandler                   0x08000277   Thumb Code     0  startup_stm32l496xx.o(.text)
    DFSDM1_FLT1_IRQHandler                   0x08000277   Thumb Code     0  startup_stm32l496xx.o(.text)
    DFSDM1_FLT2_IRQHandler                   0x08000277   Thumb Code     0  startup_stm32l496xx.o(.text)
    DFSDM1_FLT3_IRQHandler                   0x08000277   Thumb Code     0  startup_stm32l496xx.o(.text)
    DMA1_Channel1_IRQHandler                 0x08000277   Thumb Code     0  startup_stm32l496xx.o(.text)
    DMA1_Channel2_IRQHandler                 0x08000277   Thumb Code     0  startup_stm32l496xx.o(.text)
    DMA1_Channel3_IRQHandler                 0x08000277   Thumb Code     0  startup_stm32l496xx.o(.text)
    DMA1_Channel4_IRQHandler                 0x08000277   Thumb Code     0  startup_stm32l496xx.o(.text)
    DMA1_Channel5_IRQHandler                 0x08000277   Thumb Code     0  startup_stm32l496xx.o(.text)
    DMA1_Channel6_IRQHandler                 0x08000277   Thumb Code     0  startup_stm32l496xx.o(.text)
    DMA1_Channel7_IRQHandler                 0x08000277   Thumb Code     0  startup_stm32l496xx.o(.text)
    DMA2D_IRQHandler                         0x08000277   Thumb Code     0  startup_stm32l496xx.o(.text)
    DMA2_Channel1_IRQHandler                 0x08000277   Thumb Code     0  startup_stm32l496xx.o(.text)
    DMA2_Channel2_IRQHandler                 0x08000277   Thumb Code     0  startup_stm32l496xx.o(.text)
    DMA2_Channel3_IRQHandler                 0x08000277   Thumb Code     0  startup_stm32l496xx.o(.text)
    DMA2_Channel4_IRQHandler                 0x08000277   Thumb Code     0  startup_stm32l496xx.o(.text)
    DMA2_Channel5_IRQHandler                 0x08000277   Thumb Code     0  startup_stm32l496xx.o(.text)
    DMA2_Channel7_IRQHandler                 0x08000277   Thumb Code     0  startup_stm32l496xx.o(.text)
    EXTI9_5_IRQHandler                       0x08000277   Thumb Code     0  startup_stm32l496xx.o(.text)
    FLASH_IRQHandler                         0x08000277   Thumb Code     0  startup_stm32l496xx.o(.text)
    FMC_IRQHandler                           0x08000277   Thumb Code     0  startup_stm32l496xx.o(.text)
    FPU_IRQHandler                           0x08000277   Thumb Code     0  startup_stm32l496xx.o(.text)
    I2C1_ER_IRQHandler                       0x08000277   Thumb Code     0  startup_stm32l496xx.o(.text)
    I2C1_EV_IRQHandler                       0x08000277   Thumb Code     0  startup_stm32l496xx.o(.text)
    I2C2_ER_IRQHandler                       0x08000277   Thumb Code     0  startup_stm32l496xx.o(.text)
    I2C2_EV_IRQHandler                       0x08000277   Thumb Code     0  startup_stm32l496xx.o(.text)
    I2C3_ER_IRQHandler                       0x08000277   Thumb Code     0  startup_stm32l496xx.o(.text)
    I2C3_EV_IRQHandler                       0x08000277   Thumb Code     0  startup_stm32l496xx.o(.text)
    I2C4_ER_IRQHandler                       0x08000277   Thumb Code     0  startup_stm32l496xx.o(.text)
    I2C4_EV_IRQHandler                       0x08000277   Thumb Code     0  startup_stm32l496xx.o(.text)
    LCD_IRQHandler                           0x08000277   Thumb Code     0  startup_stm32l496xx.o(.text)
    LPTIM1_IRQHandler                        0x08000277   Thumb Code     0  startup_stm32l496xx.o(.text)
    LPTIM2_IRQHandler                        0x08000277   Thumb Code     0  startup_stm32l496xx.o(.text)
    OTG_FS_IRQHandler                        0x08000277   Thumb Code     0  startup_stm32l496xx.o(.text)
    PVD_PVM_IRQHandler                       0x08000277   Thumb Code     0  startup_stm32l496xx.o(.text)
    QUADSPI_IRQHandler                       0x08000277   Thumb Code     0  startup_stm32l496xx.o(.text)
    RCC_IRQHandler                           0x08000277   Thumb Code     0  startup_stm32l496xx.o(.text)
    RNG_IRQHandler                           0x08000277   Thumb Code     0  startup_stm32l496xx.o(.text)
    RTC_Alarm_IRQHandler                     0x08000277   Thumb Code     0  startup_stm32l496xx.o(.text)
    RTC_WKUP_IRQHandler                      0x08000277   Thumb Code     0  startup_stm32l496xx.o(.text)
    SAI1_IRQHandler                          0x08000277   Thumb Code     0  startup_stm32l496xx.o(.text)
    SAI2_IRQHandler                          0x08000277   Thumb Code     0  startup_stm32l496xx.o(.text)
    SDMMC1_IRQHandler                        0x08000277   Thumb Code     0  startup_stm32l496xx.o(.text)
    SPI1_IRQHandler                          0x08000277   Thumb Code     0  startup_stm32l496xx.o(.text)
    SPI2_IRQHandler                          0x08000277   Thumb Code     0  startup_stm32l496xx.o(.text)
    SPI3_IRQHandler                          0x08000277   Thumb Code     0  startup_stm32l496xx.o(.text)
    SWPMI1_IRQHandler                        0x08000277   Thumb Code     0  startup_stm32l496xx.o(.text)
    TAMP_STAMP_IRQHandler                    0x08000277   Thumb Code     0  startup_stm32l496xx.o(.text)
    TIM1_BRK_TIM15_IRQHandler                0x08000277   Thumb Code     0  startup_stm32l496xx.o(.text)
    TIM1_CC_IRQHandler                       0x08000277   Thumb Code     0  startup_stm32l496xx.o(.text)
    TIM1_TRG_COM_TIM17_IRQHandler            0x08000277   Thumb Code     0  startup_stm32l496xx.o(.text)
    TIM1_UP_TIM16_IRQHandler                 0x08000277   Thumb Code     0  startup_stm32l496xx.o(.text)
    TIM2_IRQHandler                          0x08000277   Thumb Code     0  startup_stm32l496xx.o(.text)
    TIM3_IRQHandler                          0x08000277   Thumb Code     0  startup_stm32l496xx.o(.text)
    TIM4_IRQHandler                          0x08000277   Thumb Code     0  startup_stm32l496xx.o(.text)
    TIM5_IRQHandler                          0x08000277   Thumb Code     0  startup_stm32l496xx.o(.text)
    TIM8_BRK_IRQHandler                      0x08000277   Thumb Code     0  startup_stm32l496xx.o(.text)
    TIM8_CC_IRQHandler                       0x08000277   Thumb Code     0  startup_stm32l496xx.o(.text)
    TIM8_TRG_COM_IRQHandler                  0x08000277   Thumb Code     0  startup_stm32l496xx.o(.text)
    TIM8_UP_IRQHandler                       0x08000277   Thumb Code     0  startup_stm32l496xx.o(.text)
    TSC_IRQHandler                           0x08000277   Thumb Code     0  startup_stm32l496xx.o(.text)
    UART4_IRQHandler                         0x08000277   Thumb Code     0  startup_stm32l496xx.o(.text)
    UART5_IRQHandler                         0x08000277   Thumb Code     0  startup_stm32l496xx.o(.text)
    USART1_IRQHandler                        0x08000277   Thumb Code     0  startup_stm32l496xx.o(.text)
    USART2_IRQHandler                        0x08000277   Thumb Code     0  startup_stm32l496xx.o(.text)
    USART3_IRQHandler                        0x08000277   Thumb Code     0  startup_stm32l496xx.o(.text)
    WWDG_IRQHandler                          0x08000277   Thumb Code     0  startup_stm32l496xx.o(.text)
    __user_initial_stackheap                 0x08000279   Thumb Code     0  startup_stm32l496xx.o(.text)
    __use_two_region_memory                  0x0800029d   Thumb Code     2  heapauxi.o(.text)
    __rt_heap_escrow$2region                 0x0800029f   Thumb Code     2  heapauxi.o(.text)
    __rt_heap_expand$2region                 0x080002a1   Thumb Code     2  heapauxi.o(.text)
    __user_setup_stackheap                   0x080002a3   Thumb Code    74  sys_stackheap_outer.o(.text)
    exit                                     0x080002ed   Thumb Code    18  exit.o(.text)
    __user_libspace                          0x08000301   Thumb Code     8  libspace.o(.text)
    __user_perproc_libspace                  0x08000301   Thumb Code     0  libspace.o(.text)
    __user_perthread_libspace                0x08000301   Thumb Code     0  libspace.o(.text)
    _sys_exit                                0x08000309   Thumb Code     8  sys_exit.o(.text)
    __I$use$semihosting                      0x08000315   Thumb Code     0  use_no_semi.o(.text)
    __use_no_semihosting_swi                 0x08000315   Thumb Code     2  use_no_semi.o(.text)
    __semihosting_library_function           0x08000317   Thumb Code     0  indicate_semi.o(.text)
    ADC3_IRQHandler                          0x08000319   Thumb Code    54  myfun.o(.text.ADC3_IRQHandler)
    DCMotor_Conf                             0x08000351   Thumb Code   256  myfun.o(.text.DCMotor_Conf)
    DMA2_Channel6_IRQHandler                 0x08000451   Thumb Code    48  myfun.o(.text.DMA2_Channel6_IRQHandler)
    EXTI0_IRQHandler                         0x08000481   Thumb Code    70  myfun.o(.text.EXTI0_IRQHandler)
    EXTI15_10_IRQHandler                     0x080004c9   Thumb Code    92  myfun.o(.text.EXTI15_10_IRQHandler)
    EXTI1_IRQHandler                         0x08000525   Thumb Code    72  myfun.o(.text.EXTI1_IRQHandler)
    EXTI2_IRQHandler                         0x0800056d   Thumb Code    72  myfun.o(.text.EXTI2_IRQHandler)
    EXTI3_IRQHandler                         0x080005b5   Thumb Code    72  myfun.o(.text.EXTI3_IRQHandler)
    EXTI4_IRQHandler                         0x08000601   Thumb Code   160  myfun.o(.text.EXTI4_IRQHandler)
    Encoder_Conf                             0x080006b1   Thumb Code   154  myfun.o(.text.Encoder_Conf)
    HCSR04_ReadEcho                          0x0800074d   Thumb Code    80  myfun.o(.text.HCSR04_ReadEcho)
    HCSR04_SendTriger                        0x0800079d   Thumb Code    90  myfun.o(.text.HCSR04_SendTriger)
    Joy_Conf                                 0x080007f9   Thumb Code    66  myfun.o(.text.Joy_Conf)
    LPUART1_IRQHandler                       0x0800083d   Thumb Code   308  myfun.o(.text.LPUART1_IRQHandler)
    LPUART1_ReinitDMA                        0x08000971   Thumb Code    38  myfun.o(.text.LPUART1_ReinitDMA)
    Led7seg_Conf                             0x08000999   Thumb Code   266  myfun.o(.text.Led7seg_Conf)
    Led7seg_WriteDigit                       0x08000aa5   Thumb Code   432  myfun.o(.text.Led7seg_WriteDigit)
    Led7seg_WriteNumber                      0x08000c55   Thumb Code   188  myfun.o(.text.Led7seg_WriteNumber)
    LedRGB_PwmConf                           0x08000d11   Thumb Code   278  myfun.o(.text.LedRGB_PwmConf)
    Led_Conf                                 0x08000e29   Thumb Code   186  myfun.o(.text.Led_Conf)
    Led_OnOff                                0x08000ee5   Thumb Code   722  myfun.o(.text.Led_OnOff)
    Servodrive_Conf                          0x080011b9   Thumb Code   156  myfun.o(.text.Servodrive_Conf)
    SysTick_Handler                          0x080012a9   Thumb Code    22  myfun.o(.text.SysTick_Handler)
    SystemInit                               0x080012c1   Thumb Code    18  system_stm32l4xx.o(.text.SystemInit)
    TIM6_DAC_IRQHandler                      0x080012d5   Thumb Code    50  hd44780.o(.text.TIM6_DAC_IRQHandler)
    TIM7_IRQHandler                          0x08001309   Thumb Code    68  myfun.o(.text.TIM7_IRQHandler)
    main                                     0x080013c1   Thumb Code   176  main.o(.text.main)
    __aeabi_d2f                              0x08001489   Thumb Code     0  d2f.o(x$fpl$d2f)
    _d2f                                     0x08001489   Thumb Code    98  d2f.o(x$fpl$d2f)
    __aeabi_ddiv                             0x080014ed   Thumb Code     0  ddiv.o(x$fpl$ddiv)
    _ddiv                                    0x080014ed   Thumb Code   556  ddiv.o(x$fpl$ddiv)
    __aeabi_d2iz                             0x080017a1   Thumb Code     0  dfix.o(x$fpl$dfix)
    _dfix                                    0x080017a1   Thumb Code    94  dfix.o(x$fpl$dfix)
    __aeabi_ui2d                             0x080017ff   Thumb Code     0  dflt_clz.o(x$fpl$dfltu)
    _dfltu                                   0x080017ff   Thumb Code    38  dflt_clz.o(x$fpl$dfltu)
    __aeabi_dmul                             0x08001825   Thumb Code     0  dmul.o(x$fpl$dmul)
    _dmul                                    0x08001825   Thumb Code   332  dmul.o(x$fpl$dmul)
    __fpl_dnaninf                            0x08001979   Thumb Code   156  dnaninf.o(x$fpl$dnaninf)
    __fpl_dretinf                            0x08001a15   Thumb Code    12  dretinf.o(x$fpl$dretinf)
    __aeabi_f2d                              0x08001a21   Thumb Code     0  f2d.o(x$fpl$f2d)
    _f2d                                     0x08001a21   Thumb Code    86  f2d.o(x$fpl$f2d)
    __fpl_fnaninf                            0x08001a77   Thumb Code   140  fnaninf.o(x$fpl$fnaninf)
    _fp_init                                 0x08001b03   Thumb Code    26  fpinit.o(x$fpl$fpinit)
    __fplib_config_fpu_vfp                   0x08001b1b   Thumb Code     0  fpinit.o(x$fpl$fpinit)
    __fplib_config_pureend_doubles           0x08001b1b   Thumb Code     0  fpinit.o(x$fpl$fpinit)
    __fpl_fretinf                            0x08001b1d   Thumb Code    10  fretinf.o(x$fpl$fretinf)
    __I$use$fp                               0x08001b26   Number         0  usenofp.o(x$fpl$usenofp)
    Region$$Table$$Base                      0x08001b28   Number         0  anon$$obj.o(Region$$Table)
    Region$$Table$$Limit                     0x08001b38   Number         0  anon$$obj.o(Region$$Table)
    __libspace_start                         0x20000000   Data          96  libspace.o(.bss)
    HCSR04_Distancemm                        0x20000060   Data           8  myfun.o(.bss.HCSR04_Distancemm)
    __temporary_stack_top$libspace           0x20000060   Data           0  libspace.o(.bss)
    HCSR04_Time                              0x20000068   Data           4  myfun.o(.bss.HCSR04_Time)
    angle                                    0x2000006c   Data           4  main.o(.bss.angle)
    bufread                                  0x20000070   Data         100  myfun.o(.bss.bufread)
    bufwrite                                 0x200000d4   Data         100  myfun.o(.bss.bufwrite)
    cnt_cmf                                  0x20000138   Data           4  myfun.o(.bss.cnt_cmf)
    cnt_idle                                 0x2000013c   Data           4  myfun.o(.bss.cnt_idle)
    cnt_rxne                                 0x20000140   Data           4  myfun.o(.bss.cnt_rxne)
    lcdtick1                                 0x20000144   Data           4  hd44780.o(.bss.lcdtick1)
    led7seg_pos                              0x20000148   Data           1  myfun.o(.bss.led7seg_pos)
    led7seg_value                            0x2000014a   Data           2  myfun.o(.bss.led7seg_value)
    pos                                      0x2000014c   Data           2  main.o(.bss.pos)
    rp                                       0x2000014e   Data           2  myfun.o(.bss.rp)
    rpmax                                    0x20000150   Data           2  myfun.o(.bss.rpmax)
    tick                                     0x20000154   Data           4  myfun.o(.bss.tick)
    val                                      0x20000158   Data           2  myfun.o(.bss.val)
    wp                                       0x2000015a   Data           2  myfun.o(.bss.wp)



==============================================================================

Memory Map of the image

  Image Entry point : 0x0800025d

  Load Region LR_1 (Base: 0x08000000, Size: 0x00001b38, Max: 0xffffffff, ABSOLUTE)

    Execution Region ER_RO (Exec base: 0x08000000, Load base: 0x08000000, Size: 0x00001b38, Max: 0xffffffff, ABSOLUTE)

    Exec Addr    Load Addr    Size         Type   Attr      Idx    E Section Name        Object

    0x08000000   0x08000000   0x000001ac   Data   RO          189    RESET               startup_stm32l496xx.o
    0x080001ac   0x080001ac   0x00000008   Code   RO          215  * !!!main             c_w.l(__main.o)
    0x080001b4   0x080001b4   0x0000005c   Code   RO          429    !!!scatter          c_w.l(__scatter.o)
    0x08000210   0x08000210   0x00000002   Code   RO          430    !!handler_null      c_w.l(__scatter.o)
    0x08000212   0x08000212   0x00000002   PAD
    0x08000214   0x08000214   0x0000001c   Code   RO          433    !!handler_zi        c_w.l(__scatter_zi.o)
    0x08000230   0x08000230   0x00000002   Code   RO          291    .ARM.Collect$$libinit$$00000000  c_w.l(libinit.o)
    0x08000232   0x08000232   0x00000004   Code   RO          297    .ARM.Collect$$libinit$$00000001  c_w.l(libinit2.o)
    0x08000236   0x08000236   0x00000000   Code   RO          300    .ARM.Collect$$libinit$$00000004  c_w.l(libinit2.o)
    0x08000236   0x08000236   0x00000000   Code   RO          302    .ARM.Collect$$libinit$$00000006  c_w.l(libinit2.o)
    0x08000236   0x08000236   0x00000000   Code   RO          305    .ARM.Collect$$libinit$$0000000C  c_w.l(libinit2.o)
    0x08000236   0x08000236   0x00000000   Code   RO          307    .ARM.Collect$$libinit$$0000000E  c_w.l(libinit2.o)
    0x08000236   0x08000236   0x00000000   Code   RO          309    .ARM.Collect$$libinit$$00000010  c_w.l(libinit2.o)
    0x08000236   0x08000236   0x00000000   Code   RO          312    .ARM.Collect$$libinit$$00000013  c_w.l(libinit2.o)
    0x08000236   0x08000236   0x00000000   Code   RO          314    .ARM.Collect$$libinit$$00000015  c_w.l(libinit2.o)
    0x08000236   0x08000236   0x00000000   Code   RO          316    .ARM.Collect$$libinit$$00000017  c_w.l(libinit2.o)
    0x08000236   0x08000236   0x00000000   Code   RO          318    .ARM.Collect$$libinit$$00000019  c_w.l(libinit2.o)
    0x08000236   0x08000236   0x00000000   Code   RO          320    .ARM.Collect$$libinit$$0000001B  c_w.l(libinit2.o)
    0x08000236   0x08000236   0x00000000   Code   RO          322    .ARM.Collect$$libinit$$0000001D  c_w.l(libinit2.o)
    0x08000236   0x08000236   0x00000000   Code   RO          324    .ARM.Collect$$libinit$$0000001F  c_w.l(libinit2.o)
    0x08000236   0x08000236   0x00000000   Code   RO          326    .ARM.Collect$$libinit$$00000021  c_w.l(libinit2.o)
    0x08000236   0x08000236   0x00000000   Code   RO          328    .ARM.Collect$$libinit$$00000023  c_w.l(libinit2.o)
    0x08000236   0x08000236   0x00000000   Code   RO          330    .ARM.Collect$$libinit$$00000025  c_w.l(libinit2.o)
    0x08000236   0x08000236   0x00000000   Code   RO          332    .ARM.Collect$$libinit$$00000027  c_w.l(libinit2.o)
    0x08000236   0x08000236   0x00000000   Code   RO          336    .ARM.Collect$$libinit$$0000002E  c_w.l(libinit2.o)
    0x08000236   0x08000236   0x00000000   Code   RO          338    .ARM.Collect$$libinit$$00000030  c_w.l(libinit2.o)
    0x08000236   0x08000236   0x00000000   Code   RO          340    .ARM.Collect$$libinit$$00000032  c_w.l(libinit2.o)
    0x08000236   0x08000236   0x00000000   Code   RO          342    .ARM.Collect$$libinit$$00000034  c_w.l(libinit2.o)
    0x08000236   0x08000236   0x00000002   Code   RO          343    .ARM.Collect$$libinit$$00000035  c_w.l(libinit2.o)
    0x08000238   0x08000238   0x00000002   Code   RO          365    .ARM.Collect$$libshutdown$$00000000  c_w.l(libshutdown.o)
    0x0800023a   0x0800023a   0x00000000   Code   RO          380    .ARM.Collect$$libshutdown$$00000002  c_w.l(libshutdown2.o)
    0x0800023a   0x0800023a   0x00000000   Code   RO          382    .ARM.Collect$$libshutdown$$00000004  c_w.l(libshutdown2.o)
    0x0800023a   0x0800023a   0x00000000   Code   RO          385    .ARM.Collect$$libshutdown$$00000007  c_w.l(libshutdown2.o)
    0x0800023a   0x0800023a   0x00000000   Code   RO          388    .ARM.Collect$$libshutdown$$0000000A  c_w.l(libshutdown2.o)
    0x0800023a   0x0800023a   0x00000000   Code   RO          390    .ARM.Collect$$libshutdown$$0000000C  c_w.l(libshutdown2.o)
    0x0800023a   0x0800023a   0x00000000   Code   RO          393    .ARM.Collect$$libshutdown$$0000000F  c_w.l(libshutdown2.o)
    0x0800023a   0x0800023a   0x00000002   Code   RO          394    .ARM.Collect$$libshutdown$$00000010  c_w.l(libshutdown2.o)
    0x0800023c   0x0800023c   0x00000000   Code   RO          249    .ARM.Collect$$rtentry$$00000000  c_w.l(__rtentry.o)
    0x0800023c   0x0800023c   0x00000000   Code   RO          266    .ARM.Collect$$rtentry$$00000002  c_w.l(__rtentry2.o)
    0x0800023c   0x0800023c   0x00000006   Code   RO          278    .ARM.Collect$$rtentry$$00000004  c_w.l(__rtentry4.o)
    0x08000242   0x08000242   0x00000000   Code   RO          268    .ARM.Collect$$rtentry$$00000009  c_w.l(__rtentry2.o)
    0x08000242   0x08000242   0x00000004   Code   RO          269    .ARM.Collect$$rtentry$$0000000A  c_w.l(__rtentry2.o)
    0x08000246   0x08000246   0x00000000   Code   RO          271    .ARM.Collect$$rtentry$$0000000C  c_w.l(__rtentry2.o)
    0x08000246   0x08000246   0x00000008   Code   RO          272    .ARM.Collect$$rtentry$$0000000D  c_w.l(__rtentry2.o)
    0x0800024e   0x0800024e   0x00000002   Code   RO          295    .ARM.Collect$$rtexit$$00000000  c_w.l(rtexit.o)
    0x08000250   0x08000250   0x00000000   Code   RO          345    .ARM.Collect$$rtexit$$00000002  c_w.l(rtexit2.o)
    0x08000250   0x08000250   0x00000004   Code   RO          346    .ARM.Collect$$rtexit$$00000003  c_w.l(rtexit2.o)
    0x08000254   0x08000254   0x00000006   Code   RO          347    .ARM.Collect$$rtexit$$00000004  c_w.l(rtexit2.o)
    0x0800025a   0x0800025a   0x00000002   PAD
    0x0800025c   0x0800025c   0x00000040   Code   RO          190  * .text               startup_stm32l496xx.o
    0x0800029c   0x0800029c   0x00000006   Code   RO          213    .text               c_w.l(heapauxi.o)
    0x080002a2   0x080002a2   0x0000004a   Code   RO          282    .text               c_w.l(sys_stackheap_outer.o)
    0x080002ec   0x080002ec   0x00000012   Code   RO          284    .text               c_w.l(exit.o)
    0x080002fe   0x080002fe   0x00000002   PAD
    0x08000300   0x08000300   0x00000008   Code   RO          292    .text               c_w.l(libspace.o)
    0x08000308   0x08000308   0x0000000c   Code   RO          355    .text               c_w.l(sys_exit.o)
    0x08000314   0x08000314   0x00000002   Code   RO          370    .text               c_w.l(use_no_semi.o)
    0x08000316   0x08000316   0x00000000   Code   RO          372    .text               c_w.l(indicate_semi.o)
    0x08000316   0x08000316   0x00000002   PAD
    0x08000318   0x08000318   0x00000036   Code   RO           90    .text.ADC3_IRQHandler  myfun.o
    0x0800034e   0x0800034e   0x00000002   PAD
    0x08000350   0x08000350   0x00000100   Code   RO          146    .text.DCMotor_Conf  myfun.o
    0x08000450   0x08000450   0x00000030   Code   RO          114    .text.DMA2_Channel6_IRQHandler  myfun.o
    0x08000480   0x08000480   0x00000046   Code   RO          118    .text.EXTI0_IRQHandler  myfun.o
    0x080004c6   0x080004c6   0x00000002   PAD
    0x080004c8   0x080004c8   0x0000005c   Code   RO          126    .text.EXTI15_10_IRQHandler  myfun.o
    0x08000524   0x08000524   0x00000048   Code   RO          120    .text.EXTI1_IRQHandler  myfun.o
    0x0800056c   0x0800056c   0x00000048   Code   RO          122    .text.EXTI2_IRQHandler  myfun.o
    0x080005b4   0x080005b4   0x00000048   Code   RO          124    .text.EXTI3_IRQHandler  myfun.o
    0x080005fc   0x080005fc   0x00000004   PAD
    0x08000600   0x08000600   0x000000b0   Code   RO          134    .text.EXTI4_IRQHandler  myfun.o
    0x080006b0   0x080006b0   0x0000009a   Code   RO          148    .text.Encoder_Conf  myfun.o
    0x0800074a   0x0800074a   0x00000002   PAD
    0x0800074c   0x0800074c   0x00000050   Code   RO          132    .text.HCSR04_ReadEcho  myfun.o
    0x0800079c   0x0800079c   0x0000005a   Code   RO          130    .text.HCSR04_SendTriger  myfun.o
    0x080007f6   0x080007f6   0x00000002   PAD
    0x080007f8   0x080007f8   0x00000042   Code   RO           62    .text.Joy_Conf      myfun.o
    0x0800083a   0x0800083a   0x00000002   PAD
    0x0800083c   0x0800083c   0x00000134   Code   RO           76    .text.LPUART1_IRQHandler  myfun.o
    0x08000970   0x08000970   0x00000026   Code   RO           78    .text.LPUART1_ReinitDMA  myfun.o
    0x08000996   0x08000996   0x00000002   PAD
    0x08000998   0x08000998   0x0000010a   Code   RO           66    .text.Led7seg_Conf  myfun.o
    0x08000aa2   0x08000aa2   0x00000002   PAD
    0x08000aa4   0x08000aa4   0x000001b0   Code   RO           68    .text.Led7seg_WriteDigit  myfun.o
    0x08000c54   0x08000c54   0x000000bc   Code   RO           60    .text.Led7seg_WriteNumber  myfun.o
    0x08000d10   0x08000d10   0x00000116   Code   RO          138    .text.LedRGB_PwmConf  myfun.o
    0x08000e26   0x08000e26   0x00000002   PAD
    0x08000e28   0x08000e28   0x000000ba   Code   RO           54    .text.Led_Conf      myfun.o
    0x08000ee2   0x08000ee2   0x00000002   PAD
    0x08000ee4   0x08000ee4   0x000002d2   Code   RO           56    .text.Led_OnOff     myfun.o
    0x080011b6   0x080011b6   0x00000002   PAD
    0x080011b8   0x080011b8   0x0000009c   Code   RO          142    .text.Servodrive_Conf  myfun.o
    0x08001254   0x08001254   0x00000052   Code   RO           38    .text.SysTick_Config  main.o
    0x080012a6   0x080012a6   0x00000002   PAD
    0x080012a8   0x080012a8   0x00000016   Code   RO           58    .text.SysTick_Handler  myfun.o
    0x080012be   0x080012be   0x00000002   PAD
    0x080012c0   0x080012c0   0x00000012   Code   RO          197    .text.SystemInit    system_stm32l4xx.o
    0x080012d2   0x080012d2   0x00000002   PAD
    0x080012d4   0x080012d4   0x00000032   Code   RO           22    .text.TIM6_DAC_IRQHandler  hd44780.o
    0x08001306   0x08001306   0x00000002   PAD
    0x08001308   0x08001308   0x00000044   Code   RO          136    .text.TIM7_IRQHandler  myfun.o
    0x0800134c   0x0800134c   0x00000030   Code   RO           74    .text.__NVIC_EnableIRQ  myfun.o
    0x0800137c   0x0800137c   0x00000042   Code   RO           40    .text.__NVIC_SetPriority  main.o
    0x080013be   0x080013be   0x00000002   PAD
    0x080013c0   0x080013c0   0x000000c8   Code   RO           36    .text.main          main.o
    0x08001488   0x08001488   0x00000062   Code   RO          217    x$fpl$d2f           fz_wm.l(d2f.o)
    0x080014ea   0x080014ea   0x00000002   PAD
    0x080014ec   0x080014ec   0x000002b4   Code   RO          228    x$fpl$ddiv          fz_wm.l(ddiv.o)
    0x080017a0   0x080017a0   0x0000005e   Code   RO          231    x$fpl$dfix          fz_wm.l(dfix.o)
    0x080017fe   0x080017fe   0x00000026   Code   RO          239    x$fpl$dfltu         fz_wm.l(dflt_clz.o)
    0x08001824   0x08001824   0x00000154   Code   RO          245    x$fpl$dmul          fz_wm.l(dmul.o)
    0x08001978   0x08001978   0x0000009c   Code   RO          256    x$fpl$dnaninf       fz_wm.l(dnaninf.o)
    0x08001a14   0x08001a14   0x0000000c   Code   RO          258    x$fpl$dretinf       fz_wm.l(dretinf.o)
    0x08001a20   0x08001a20   0x00000056   Code   RO          247    x$fpl$f2d           fz_wm.l(f2d.o)
    0x08001a76   0x08001a76   0x0000008c   Code   RO          260    x$fpl$fnaninf       fz_wm.l(fnaninf.o)
    0x08001b02   0x08001b02   0x0000001a   Code   RO          353    x$fpl$fpinit        fz_wm.l(fpinit.o)
    0x08001b1c   0x08001b1c   0x0000000a   Code   RO          262    x$fpl$fretinf       fz_wm.l(fretinf.o)
    0x08001b26   0x08001b26   0x00000000   Code   RO          264    x$fpl$usenofp       fz_wm.l(usenofp.o)
    0x08001b26   0x08001b26   0x00000002   PAD
    0x08001b28   0x08001b28   0x00000010   Data   RO          428    Region$$Table       anon$$obj.o


    Execution Region ER_RW (Exec base: 0x20000000, Load base: 0x08001b38, Size: 0x00000000, Max: 0xffffffff, ABSOLUTE)

    **** No section assigned to this execution region ****


    Execution Region ER_ZI (Exec base: 0x20000000, Load base: 0x08001b38, Size: 0x00000760, Max: 0xffffffff, ABSOLUTE)

    Exec Addr    Load Addr    Size         Type   Attr      Idx    E Section Name        Object

    0x20000000        -       0x00000060   Zero   RW          293    .bss                c_w.l(libspace.o)
    0x20000060        -       0x00000008   Zero   RW          157    .bss.HCSR04_Distancemm  myfun.o
    0x20000068        -       0x00000004   Zero   RW          156    .bss.HCSR04_Time    myfun.o
    0x2000006c        -       0x00000004   Zero   RW           43    .bss.angle          main.o
    0x20000070        -       0x00000064   Zero   RW          162    .bss.bufread        myfun.o
    0x200000d4        -       0x00000064   Zero   RW          159    .bss.bufwrite       myfun.o
    0x20000138        -       0x00000004   Zero   RW          155    .bss.cnt_cmf        myfun.o
    0x2000013c        -       0x00000004   Zero   RW          154    .bss.cnt_idle       myfun.o
    0x20000140        -       0x00000004   Zero   RW          153    .bss.cnt_rxne       myfun.o
    0x20000144        -       0x00000004   Zero   RW           28    .bss.lcdtick1       hd44780.o
    0x20000148        -       0x00000001   Zero   RW          151    .bss.led7seg_pos    myfun.o
    0x20000149   0x08001b38   0x00000001   PAD
    0x2000014a        -       0x00000002   Zero   RW          158    .bss.led7seg_value  myfun.o
    0x2000014c        -       0x00000002   Zero   RW           42    .bss.pos            main.o
    0x2000014e        -       0x00000002   Zero   RW          160    .bss.rp             myfun.o
    0x20000150        -       0x00000002   Zero   RW          161    .bss.rpmax          myfun.o
    0x20000152   0x08001b38   0x00000002   PAD
    0x20000154        -       0x00000004   Zero   RW          150    .bss.tick           myfun.o
    0x20000158        -       0x00000002   Zero   RW          152    .bss.val            myfun.o
    0x2000015a        -       0x00000002   Zero   RW          163    .bss.wp             myfun.o
    0x2000015c   0x08001b38   0x00000004   PAD
    0x20000160        -       0x00000200   Zero   RW          188    HEAP                startup_stm32l496xx.o
    0x20000360        -       0x00000400   Zero   RW          187    STACK               startup_stm32l496xx.o


==============================================================================

Image component sizes


      Code (inc. data)   RO Data    RW Data    ZI Data      Debug   Object Name

        50          0          0          0          4       6776   hd44780.o
       348         24          0          0          6       4986   main.o
      4014         46          0          0        239      16750   myfun.o
        64         26        428          0       1536        932   startup_stm32l496xx.o
        18          0          0          0          0       3038   system_stm32l4xx.o

    ----------------------------------------------------------------------
      4528         96        444          0       1792      32482   Object Totals
         0          0         16          0          0          0   (incl. Generated)
        34          0          0          0          7          0   (incl. Padding)

    ----------------------------------------------------------------------

      Code (inc. data)   RO Data    RW Data    ZI Data      Debug   Library Member Name

         8          0          0          0          0         68   __main.o
         0          0          0          0          0          0   __rtentry.o
        12          0          0          0          0          0   __rtentry2.o
         6          0          0          0          0          0   __rtentry4.o
        94          8          0          0          0          0   __scatter.o
        28          0          0          0          0          0   __scatter_zi.o
        18          0          0          0          0         80   exit.o
         6          0          0          0          0        152   heapauxi.o
         0          0          0          0          0          0   indicate_semi.o
         2          0          0          0          0          0   libinit.o
         6          0          0          0          0          0   libinit2.o
         2          0          0          0          0          0   libshutdown.o
         2          0          0          0          0          0   libshutdown2.o
         8          4          0          0         96         68   libspace.o
         2          0          0          0          0          0   rtexit.o
        10          0          0          0          0          0   rtexit2.o
        12          4          0          0          0         68   sys_exit.o
        74          0          0          0          0         80   sys_stackheap_outer.o
         2          0          0          0          0         68   use_no_semi.o
        98          4          0          0          0        140   d2f.o
       692        140          0          0          0        264   ddiv.o
        94          4          0          0          0        140   dfix.o
        38          0          0          0          0        116   dflt_clz.o
       340         12          0          0          0        152   dmul.o
       156          4          0          0          0        140   dnaninf.o
        12          0          0          0          0        116   dretinf.o
        86          4          0          0          0        132   f2d.o
       140          4          0          0          0        132   fnaninf.o
        26          0          0          0          0        116   fpinit.o
        10          0          0          0          0        116   fretinf.o
         0          0          0          0          0          0   usenofp.o

    ----------------------------------------------------------------------
      1996        188          0          0         96       2148   Library Totals
        12          0          0          0          0          0   (incl. Padding)

    ----------------------------------------------------------------------

      Code (inc. data)   RO Data    RW Data    ZI Data      Debug   Library Name

       292         16          0          0         96        584   c_w.l
      1692        172          0          0          0       1564   fz_wm.l

    ----------------------------------------------------------------------
      1996        188          0          0         96       2148   Library Totals

    ----------------------------------------------------------------------

==============================================================================


      Code (inc. data)   RO Data    RW Data    ZI Data      Debug   

      6524        284        444          0       1888      33414   Grand Totals
      6524        284        444          0       1888      33414   ELF Image Totals
      6524        284        444          0          0          0   ROM Totals

==============================================================================

    Total RO  Size (Code + RO Data)                 6968 (   6.80kB)
    Total RW  Size (RW Data + ZI Data)              1888 (   1.84kB)
    Total ROM Size (Code + RO Data + RW Data)       6968 (   6.80kB)

==============================================================================

